Archive member included to satisfy reference by file (symbol)

/home/dev/gcc-arm-none-eabi-10.3-2021.10/bin/../lib/gcc/arm-none-eabi/10.3.1/../../../../arm-none-eabi/lib/thumb/v7e-m+fp/hard/libc_nano.a(lib_a-exit.o)
                              /home/dev/gcc-arm-none-eabi-10.3-2021.10/bin/../lib/gcc/arm-none-eabi/10.3.1/../../../../arm-none-eabi/lib/thumb/v7e-m+fp/hard/crt0.o (exit)
/home/dev/gcc-arm-none-eabi-10.3-2021.10/bin/../lib/gcc/arm-none-eabi/10.3.1/../../../../arm-none-eabi/lib/thumb/v7e-m+fp/hard/libc_nano.a(lib_a-impure.o)
                              /home/dev/gcc-arm-none-eabi-10.3-2021.10/bin/../lib/gcc/arm-none-eabi/10.3.1/../../../../arm-none-eabi/lib/thumb/v7e-m+fp/hard/libc_nano.a(lib_a-exit.o) (_global_impure_ptr)
/home/dev/gcc-arm-none-eabi-10.3-2021.10/bin/../lib/gcc/arm-none-eabi/10.3.1/../../../../arm-none-eabi/lib/thumb/v7e-m+fp/hard/libc_nano.a(lib_a-init.o)
                              /home/dev/gcc-arm-none-eabi-10.3-2021.10/bin/../lib/gcc/arm-none-eabi/10.3.1/../../../../arm-none-eabi/lib/thumb/v7e-m+fp/hard/crt0.o (__libc_init_array)
/home/dev/gcc-arm-none-eabi-10.3-2021.10/bin/../lib/gcc/arm-none-eabi/10.3.1/../../../../arm-none-eabi/lib/thumb/v7e-m+fp/hard/libc_nano.a(lib_a-memset.o)
                              /home/dev/gcc-arm-none-eabi-10.3-2021.10/bin/../lib/gcc/arm-none-eabi/10.3.1/../../../../arm-none-eabi/lib/thumb/v7e-m+fp/hard/crt0.o (memset)
/home/dev/gcc-arm-none-eabi-10.3-2021.10/bin/../lib/gcc/arm-none-eabi/10.3.1/../../../../arm-none-eabi/lib/thumb/v7e-m+fp/hard/libc_nano.a(lib_a-printf.o)
                              build/main.o (printf)
/home/dev/gcc-arm-none-eabi-10.3-2021.10/bin/../lib/gcc/arm-none-eabi/10.3.1/../../../../arm-none-eabi/lib/thumb/v7e-m+fp/hard/libc_nano.a(lib_a-findfp.o)
                              /home/dev/gcc-arm-none-eabi-10.3-2021.10/bin/../lib/gcc/arm-none-eabi/10.3.1/../../../../arm-none-eabi/lib/thumb/v7e-m+fp/hard/libc_nano.a(lib_a-printf.o) (__sinit)
/home/dev/gcc-arm-none-eabi-10.3-2021.10/bin/../lib/gcc/arm-none-eabi/10.3.1/../../../../arm-none-eabi/lib/thumb/v7e-m+fp/hard/libc_nano.a(lib_a-fwalk.o)
                              /home/dev/gcc-arm-none-eabi-10.3-2021.10/bin/../lib/gcc/arm-none-eabi/10.3.1/../../../../arm-none-eabi/lib/thumb/v7e-m+fp/hard/libc_nano.a(lib_a-findfp.o) (_fwalk)
/home/dev/gcc-arm-none-eabi-10.3-2021.10/bin/../lib/gcc/arm-none-eabi/10.3.1/../../../../arm-none-eabi/lib/thumb/v7e-m+fp/hard/libc_nano.a(lib_a-lock.o)
                              /home/dev/gcc-arm-none-eabi-10.3-2021.10/bin/../lib/gcc/arm-none-eabi/10.3.1/../../../../arm-none-eabi/lib/thumb/v7e-m+fp/hard/libc_nano.a(lib_a-findfp.o) (__retarget_lock_init_recursive)
/home/dev/gcc-arm-none-eabi-10.3-2021.10/bin/../lib/gcc/arm-none-eabi/10.3.1/../../../../arm-none-eabi/lib/thumb/v7e-m+fp/hard/libc_nano.a(lib_a-nano-mallocr.o)
                              /home/dev/gcc-arm-none-eabi-10.3-2021.10/bin/../lib/gcc/arm-none-eabi/10.3.1/../../../../arm-none-eabi/lib/thumb/v7e-m+fp/hard/libc_nano.a(lib_a-findfp.o) (_malloc_r)
/home/dev/gcc-arm-none-eabi-10.3-2021.10/bin/../lib/gcc/arm-none-eabi/10.3.1/../../../../arm-none-eabi/lib/thumb/v7e-m+fp/hard/libc_nano.a(lib_a-nano-vfprintf.o)
                              /home/dev/gcc-arm-none-eabi-10.3-2021.10/bin/../lib/gcc/arm-none-eabi/10.3.1/../../../../arm-none-eabi/lib/thumb/v7e-m+fp/hard/libc_nano.a(lib_a-printf.o) (_vfprintf_r)
/home/dev/gcc-arm-none-eabi-10.3-2021.10/bin/../lib/gcc/arm-none-eabi/10.3.1/../../../../arm-none-eabi/lib/thumb/v7e-m+fp/hard/libc_nano.a(lib_a-nano-vfprintf_i.o)
                              /home/dev/gcc-arm-none-eabi-10.3-2021.10/bin/../lib/gcc/arm-none-eabi/10.3.1/../../../../arm-none-eabi/lib/thumb/v7e-m+fp/hard/libc_nano.a(lib_a-nano-vfprintf.o) (_printf_i)
/home/dev/gcc-arm-none-eabi-10.3-2021.10/bin/../lib/gcc/arm-none-eabi/10.3.1/../../../../arm-none-eabi/lib/thumb/v7e-m+fp/hard/libc_nano.a(lib_a-sbrkr.o)
                              /home/dev/gcc-arm-none-eabi-10.3-2021.10/bin/../lib/gcc/arm-none-eabi/10.3.1/../../../../arm-none-eabi/lib/thumb/v7e-m+fp/hard/libc_nano.a(lib_a-nano-mallocr.o) (_sbrk_r)
/home/dev/gcc-arm-none-eabi-10.3-2021.10/bin/../lib/gcc/arm-none-eabi/10.3.1/../../../../arm-none-eabi/lib/thumb/v7e-m+fp/hard/libc_nano.a(lib_a-stdio.o)
                              /home/dev/gcc-arm-none-eabi-10.3-2021.10/bin/../lib/gcc/arm-none-eabi/10.3.1/../../../../arm-none-eabi/lib/thumb/v7e-m+fp/hard/libc_nano.a(lib_a-findfp.o) (__sread)
/home/dev/gcc-arm-none-eabi-10.3-2021.10/bin/../lib/gcc/arm-none-eabi/10.3.1/../../../../arm-none-eabi/lib/thumb/v7e-m+fp/hard/libc_nano.a(lib_a-wbuf.o)
                              /home/dev/gcc-arm-none-eabi-10.3-2021.10/bin/../lib/gcc/arm-none-eabi/10.3.1/../../../../arm-none-eabi/lib/thumb/v7e-m+fp/hard/libc_nano.a(lib_a-nano-vfprintf.o) (__swbuf_r)
/home/dev/gcc-arm-none-eabi-10.3-2021.10/bin/../lib/gcc/arm-none-eabi/10.3.1/../../../../arm-none-eabi/lib/thumb/v7e-m+fp/hard/libc_nano.a(lib_a-writer.o)
[...]
Memory Configuration

Name             Origin             Length             Attributes
RAM              0x0000000020000000 0x0000000000008000 xrw
FLASH            0x0000000008000000 0x0000000000010000 xr
*default*        0x0000000000000000 0xffffffffffffffff

Linker script and memory map

LOAD /home/dev/gcc-arm-none-eabi-10.3-2021.10/bin/../lib/gcc/arm-none-eabi/10.3.1/thumb/v7e-m+fp/hard/crti.o
LOAD /home/dev/gcc-arm-none-eabi-10.3-2021.10/bin/../lib/gcc/arm-none-eabi/10.3.1/thumb/v7e-m+fp/hard/crtbegin.o
LOAD /home/dev/gcc-arm-none-eabi-10.3-2021.10/bin/../lib/gcc/arm-none-eabi/10.3.1/../../../../arm-none-eabi/lib/thumb/v7e-m+fp/hard/crt0.o
LOAD build/main.o
LOAD build/stm32g4xx_it.o
LOAD build/stm32g4xx_hal_msp.o
LOAD build/stm32g4xx_hal_fdcan.o
LOAD build/stm32g4xx_hal.o
LOAD build/stm32g4xx_hal_rcc.o
LOAD build/stm32g4xx_hal_rcc_ex.o
LOAD build/stm32g4xx_hal_flash.o
LOAD build/stm32g4xx_hal_flash_ex.o
LOAD build/stm32g4xx_hal_flash_ramfunc.o
LOAD build/stm32g4xx_hal_gpio.o
LOAD build/stm32g4xx_hal_exti.o
LOAD build/stm32g4xx_hal_dma.o
LOAD build/stm32g4xx_hal_dma_ex.o
LOAD build/stm32g4xx_hal_pwr.o
LOAD build/stm32g4xx_hal_pwr_ex.o
LOAD build/stm32g4xx_hal_cortex.o
LOAD build/stm32g4xx_hal_tim.o
LOAD build/stm32g4xx_hal_tim_ex.o
LOAD build/stm32g4xx_hal_uart.o
LOAD build/stm32g4xx_hal_uart_ex.o
LOAD build/system_stm32g4xx.o
LOAD build/startup_stm32g431xx.o
LOAD /home/dev/gcc-arm-none-eabi-10.3-2021.10/bin/../lib/gcc/arm-none-eabi/10.3.1/../../../../arm-none-eabi/lib/thumb/v7e-m+fp/hard/libc_nano.a
LOAD /home/dev/gcc-arm-none-eabi-10.3-2021.10/bin/../lib/gcc/arm-none-eabi/10.3.1/../../../../arm-none-eabi/lib/thumb/v7e-m+fp/hard/libm.a
LOAD /home/dev/gcc-arm-none-eabi-10.3-2021.10/bin/../lib/gcc/arm-none-eabi/10.3.1/../../../../arm-none-eabi/lib/thumb/v7e-m+fp/hard/libnosys.a
START GROUP
LOAD /home/dev/gcc-arm-none-eabi-10.3-2021.10/bin/../lib/gcc/arm-none-eabi/10.3.1/thumb/v7e-m+fp/hard/libgcc.a
LOAD /home/dev/gcc-arm-none-eabi-10.3-2021.10/bin/../lib/gcc/arm-none-eabi/10.3.1/../../../../arm-none-eabi/lib/thumb/v7e-m+fp/hard/libc_nano.a
END GROUP
START GROUP
LOAD /home/dev/gcc-arm-none-eabi-10.3-2021.10/bin/../lib/gcc/arm-none-eabi/10.3.1/thumb/v7e-m+fp/hard/libgcc.a
LOAD /home/dev/gcc-arm-none-eabi-10.3-2021.10/bin/../lib/gcc/arm-none-eabi/10.3.1/../../../../arm-none-eabi/lib/thumb/v7e-m+fp/hard/libc_nano.a
END GROUP
LOAD /home/dev/gcc-arm-none-eabi-10.3-2021.10/bin/../lib/gcc/arm-none-eabi/10.3.1/thumb/v7e-m+fp/hard/crtend.o
LOAD /home/dev/gcc-arm-none-eabi-10.3-2021.10/bin/../lib/gcc/arm-none-eabi/10.3.1/thumb/v7e-m+fp/hard/crtn.o
                0x0000000020008000                _estack = (ORIGIN (RAM) + LENGTH (RAM))
                0x0000000000000200                _Min_Heap_Size = 0x200
                0x0000000000000400                _Min_Stack_Size = 0x400

.isr_vector     0x0000000008000000      0x1d8
                0x0000000008000000                . = ALIGN (0x4)
 *(.isr_vector)
 .isr_vector    0x0000000008000000      0x1d8 build/startup_stm32g431xx.o
                0x0000000008000000                g_pfnVectors
                0x00000000080001d8                . = ALIGN (0x4)

.text           0x00000000080001e0     0x3afc
                0x00000000080001e0                . = ALIGN (0x4)
 *(.text)
 .text          0x00000000080001e0       0x40 /home/dev/gcc-arm-none-eabi-10.3-2021.10/bin/../lib/gcc/arm-none-eabi/10.3.1/thumb/v7e-m+fp/hard/crtbegin.o
 .text          0x0000000008000220       0xa0 /home/dev/gcc-arm-none-eabi-10.3-2021.10/bin/../lib/gcc/arm-none-eabi/10.3.1/../../../../arm-none-eabi/lib/thumb/v7e-m+fp/hard/libc_nano.a(lib_a-memchr.o)
                0x0000000008000220                memchr
 .text          0x00000000080002c0       0x30 /home/dev/gcc-arm-none-eabi-10.3-2021.10/bin/../lib/gcc/arm-none-eabi/10.3.1/thumb/v7e-m+fp/hard/libgcc.a(_aeabi_uldivmod.o)
                0x00000000080002c0                __aeabi_uldivmod
 .text          0x00000000080002f0      0x2d0 /home/dev/gcc-arm-none-eabi-10.3-2021.10/bin/../lib/gcc/arm-none-eabi/10.3.1/thumb/v7e-m+fp/hard/libgcc.a(_udivmoddi4.o)
                0x00000000080002f0                __udivmoddi4
 .text          0x00000000080005c0        0x4 /home/dev/gcc-arm-none-eabi-10.3-2021.10/bin/../lib/gcc/arm-none-eabi/10.3.1/thumb/v7e-m+fp/hard/libgcc.a(_dvmd_tls.o)
                0x00000000080005c0                __aeabi_ldiv0
                0x00000000080005c0                __aeabi_idiv0
 *(.text*)
 .text.MX_GPIO_Init
                0x00000000080005c4       0xb0 build/main.o
 .text._write   0x0000000008000674       0x18 build/main.o
                0x0000000008000674                _write
 .text.HAL_TIM_PeriodElapsedCallback
                0x000000000800068c       0x48 build/main.o
                0x000000000800068c                HAL_TIM_PeriodElapsedCallback
 .text.Error_Handler
                0x00000000080006d4       0x10 build/main.o
                0x00000000080006d4                Error_Handler
 .text.MX_FDCAN1_Init
                0x00000000080006e4       0x54 build/main.o
 .text.MX_USART2_UART_Init
                0x0000000008000738       0x6c build/main.o
 .text.MX_TIM4_Init
                0x00000000080007a4       0x6c build/main.o
 .text.SystemClock_Config
                0x0000000008000810       0x5e build/main.o
                0x0000000008000810                SystemClock_Config
 *fill*         0x000000000800086e        0x2 
 .text.main     0x0000000008000870      0x144 build/main.o
                0x0000000008000870                main
 .text.NMI_Handler
                0x00000000080009b4        0x2 build/stm32g4xx_it.o
                0x00000000080009b4                NMI_Handler
 .text.HardFault_Handler
                0x00000000080009b6        0x2 build/stm32g4xx_it.o
                0x00000000080009b6                HardFault_Handler
 .text.MemManage_Handler
                0x00000000080009b8        0x2 build/stm32g4xx_it.o
                0x00000000080009b8                MemManage_Handler
 .text.BusFault_Handler
                0x00000000080009ba        0x2 build/stm32g4xx_it.o
                0x00000000080009ba                BusFault_Handler
 .text.UsageFault_Handler
                0x00000000080009bc        0x2 build/stm32g4xx_it.o
                0x00000000080009bc                UsageFault_Handler
 .text.SVC_Handler
                0x00000000080009be        0x2 build/stm32g4xx_it.o
                0x00000000080009be                SVC_Handler
 .text.DebugMon_Handler
                0x00000000080009c0        0x2 build/stm32g4xx_it.o
                0x00000000080009c0                DebugMon_Handler
 .text.PendSV_Handler
                0x00000000080009c2        0x2 build/stm32g4xx_it.o
                0x00000000080009c2                PendSV_Handler
 .text.SysTick_Handler
                0x00000000080009c4        0x8 build/stm32g4xx_it.o
                0x00000000080009c4                SysTick_Handler
 .text.TIM4_IRQHandler
                0x00000000080009cc       0x10 build/stm32g4xx_it.o
                0x00000000080009cc                TIM4_IRQHandler
 .text.HAL_MspInit
                0x00000000080009dc       0x38 build/stm32g4xx_hal_msp.o
                0x00000000080009dc                HAL_MspInit
 .text.HAL_FDCAN_MspInit
                0x0000000008000a14       0x90 build/stm32g4xx_hal_msp.o
                0x0000000008000a14                HAL_FDCAN_MspInit
 .text.HAL_TIM_Base_MspInit
                0x0000000008000aa4       0x40 build/stm32g4xx_hal_msp.o
                0x0000000008000aa4                HAL_TIM_Base_MspInit
 .text.HAL_UART_MspInit
                0x0000000008000ae4       0x84 build/stm32g4xx_hal_msp.o
                0x0000000008000ae4                HAL_UART_MspInit
 .text.FDCAN_CalcultateRamBlockAddresses
                0x0000000008000b68       0x68 build/stm32g4xx_hal_fdcan.o
 .text.FDCAN_CopyMessageToRAM
                0x0000000008000bd0       0x88 build/stm32g4xx_hal_fdcan.o
 .text.HAL_FDCAN_Init
                0x0000000008000c58      0x1d4 build/stm32g4xx_hal_fdcan.o
                0x0000000008000c58                HAL_FDCAN_Init
 .text.HAL_FDCAN_Start
                0x0000000008000e2c       0x2e build/stm32g4xx_hal_fdcan.o
                0x0000000008000e2c                HAL_FDCAN_Start
 .text.HAL_FDCAN_AddMessageToTxFifoQ
                0x0000000008000e5a       0x52 build/stm32g4xx_hal_fdcan.o
                0x0000000008000e5a                HAL_FDCAN_AddMessageToTxFifoQ
 .text.HAL_FDCAN_GetProtocolStatus
                0x0000000008000eac       0x4a build/stm32g4xx_hal_fdcan.o
                0x0000000008000eac                HAL_FDCAN_GetProtocolStatus
 *fill*         0x0000000008000ef6        0x2 
 .text.HAL_InitTick
                0x0000000008000ef8       0x50 build/stm32g4xx_hal.o
                0x0000000008000ef8                HAL_InitTick
 .text.HAL_Init
                0x0000000008000f48       0x1e build/stm32g4xx_hal.o
                0x0000000008000f48                HAL_Init
 *fill*         0x0000000008000f66        0x2 
 .text.HAL_IncTick
                0x0000000008000f68       0x18 build/stm32g4xx_hal.o
                0x0000000008000f68                HAL_IncTick
 .text.HAL_GetTick
                0x0000000008000f80        0xc build/stm32g4xx_hal.o
                0x0000000008000f80                HAL_GetTick
 .text.RCC_GetSysClockFreqFromPLLSource
                0x0000000008000f8c       0x58 build/stm32g4xx_hal_rcc.o
 .text.HAL_RCC_OscConfig
                0x0000000008000fe4      0x4e4 build/stm32g4xx_hal_rcc.o
                0x0000000008000fe4                HAL_RCC_OscConfig
 .text.HAL_RCC_GetSysClockFreq
                0x00000000080014c8       0x88 build/stm32g4xx_hal_rcc.o
                0x00000000080014c8                HAL_RCC_GetSysClockFreq
 .text.HAL_RCC_ClockConfig
                0x0000000008001550      0x1f8 build/stm32g4xx_hal_rcc.o
                0x0000000008001550                HAL_RCC_ClockConfig
 .text.HAL_RCC_GetHCLKFreq
                0x0000000008001748        0xc build/stm32g4xx_hal_rcc.o
                0x0000000008001748                HAL_RCC_GetHCLKFreq
 .text.HAL_RCC_GetPCLK1Freq
                0x0000000008001754       0x24 build/stm32g4xx_hal_rcc.o
                0x0000000008001754                HAL_RCC_GetPCLK1Freq
 .text.HAL_RCC_GetPCLK2Freq
                0x0000000008001778       0x24 build/stm32g4xx_hal_rcc.o
                0x0000000008001778                HAL_RCC_GetPCLK2Freq
 .text.HAL_RCCEx_PeriphCLKConfig
                0x000000000800179c      0x2e4 build/stm32g4xx_hal_rcc_ex.o
                0x000000000800179c                HAL_RCCEx_PeriphCLKConfig
 .text.HAL_GPIO_Init
                0x0000000008001a80      0x1d4 build/stm32g4xx_hal_gpio.o
                0x0000000008001a80                HAL_GPIO_Init
 .text.HAL_GPIO_ReadPin
                0x0000000008001c54        0xe build/stm32g4xx_hal_gpio.o
                0x0000000008001c54                HAL_GPIO_ReadPin
 *fill*         0x0000000008001c62        0x2 
 .text.HAL_PWREx_ControlVoltageScaling
                0x0000000008001c64      0x10c build/stm32g4xx_hal_pwr_ex.o
                0x0000000008001c64                HAL_PWREx_ControlVoltageScaling
 .text.HAL_PWREx_DisableUCPDDeadBattery
                0x0000000008001d70       0x10 build/stm32g4xx_hal_pwr_ex.o
                0x0000000008001d70                HAL_PWREx_DisableUCPDDeadBattery
 .text.HAL_NVIC_SetPriorityGrouping
                0x0000000008001d80       0x24 build/stm32g4xx_hal_cortex.o
                0x0000000008001d80                HAL_NVIC_SetPriorityGrouping
 .text.HAL_NVIC_SetPriority
                0x0000000008001da4       0x70 build/stm32g4xx_hal_cortex.o
                0x0000000008001da4                HAL_NVIC_SetPriority
 .text.HAL_NVIC_EnableIRQ
                0x0000000008001e14       0x1c build/stm32g4xx_hal_cortex.o
                0x0000000008001e14                HAL_NVIC_EnableIRQ
 .text.HAL_SYSTICK_Config
                0x0000000008001e30       0x28 build/stm32g4xx_hal_cortex.o
                0x0000000008001e30                HAL_SYSTICK_Config
 .text.TIM_TI1_ConfigInputStage
                0x0000000008001e58       0x26 build/stm32g4xx_hal_tim.o
 .text.TIM_TI2_ConfigInputStage
                0x0000000008001e7e       0x28 build/stm32g4xx_hal_tim.o
 .text.TIM_ITRx_SetConfig
                0x0000000008001ea6       0x14 build/stm32g4xx_hal_tim.o
 *fill*         0x0000000008001eba        0x2 
 .text.HAL_TIM_Base_Start_IT
                0x0000000008001ebc       0x84 build/stm32g4xx_hal_tim.o
                0x0000000008001ebc                HAL_TIM_Base_Start_IT
 .text.HAL_TIM_OC_DelayElapsedCallback
                0x0000000008001f40        0x2 build/stm32g4xx_hal_tim.o
                0x0000000008001f40                HAL_TIM_OC_DelayElapsedCallback
 .text.HAL_TIM_IC_CaptureCallback
                0x0000000008001f42        0x2 build/stm32g4xx_hal_tim.o
                0x0000000008001f42                HAL_TIM_IC_CaptureCallback
 .text.HAL_TIM_PWM_PulseFinishedCallback
                0x0000000008001f44        0x2 build/stm32g4xx_hal_tim.o
                0x0000000008001f44                HAL_TIM_PWM_PulseFinishedCallback
 .text.HAL_TIM_TriggerCallback
                0x0000000008001f46        0x2 build/stm32g4xx_hal_tim.o
                0x0000000008001f46                HAL_TIM_TriggerCallback
 .text.HAL_TIM_IRQHandler
                0x0000000008001f48      0x1ea build/stm32g4xx_hal_tim.o
                0x0000000008001f48                HAL_TIM_IRQHandler
 *fill*         0x0000000008002132        0x2 
 .text.TIM_Base_SetConfig
                0x0000000008002134       0xc8 build/stm32g4xx_hal_tim.o
                0x0000000008002134                TIM_Base_SetConfig
 .text.HAL_TIM_Base_Init
                0x00000000080021fc       0x60 build/stm32g4xx_hal_tim.o
                0x00000000080021fc                HAL_TIM_Base_Init
 .text.TIM_ETR_SetConfig
                0x000000000800225c       0x1a build/stm32g4xx_hal_tim.o
                0x000000000800225c                TIM_ETR_SetConfig
 *fill*         0x0000000008002276        0x2 
 .text.HAL_TIM_ConfigClockSource
                0x0000000008002278      0x138 build/stm32g4xx_hal_tim.o
                0x0000000008002278                HAL_TIM_ConfigClockSource
 .text.HAL_TIMEx_MasterConfigSynchronization
                0x00000000080023b0       0x94 build/stm32g4xx_hal_tim_ex.o
                0x00000000080023b0                HAL_TIMEx_MasterConfigSynchronization
 .text.HAL_TIMEx_CommutCallback
                0x0000000008002444        0x2 build/stm32g4xx_hal_tim_ex.o
                0x0000000008002444                HAL_TIMEx_CommutCallback
 .text.HAL_TIMEx_BreakCallback
                0x0000000008002446        0x2 build/stm32g4xx_hal_tim_ex.o
                0x0000000008002446                HAL_TIMEx_BreakCallback
 .text.HAL_TIMEx_Break2Callback
                0x0000000008002448        0x2 build/stm32g4xx_hal_tim_ex.o
                0x0000000008002448                HAL_TIMEx_Break2Callback
 .text.HAL_TIMEx_EncoderIndexCallback
                0x000000000800244a        0x2 build/stm32g4xx_hal_tim_ex.o
                0x000000000800244a                HAL_TIMEx_EncoderIndexCallback
 .text.HAL_TIMEx_DirectionChangeCallback
                0x000000000800244c        0x2 build/stm32g4xx_hal_tim_ex.o
                0x000000000800244c                HAL_TIMEx_DirectionChangeCallback
 .text.HAL_TIMEx_IndexErrorCallback
                0x000000000800244e        0x2 build/stm32g4xx_hal_tim_ex.o
                0x000000000800244e                HAL_TIMEx_IndexErrorCallback
 .text.HAL_TIMEx_TransitionErrorCallback
                0x0000000008002450        0x2 build/stm32g4xx_hal_tim_ex.o
                0x0000000008002450                HAL_TIMEx_TransitionErrorCallback
 .text.UART_EndRxTransfer
                0x0000000008002452       0x56 build/stm32g4xx_hal_uart.o
 .text.UART_SetConfig
                0x00000000080024a8      0x344 build/stm32g4xx_hal_uart.o
                0x00000000080024a8                UART_SetConfig
 .text.UART_AdvFeatureConfig
                0x00000000080027ec       0xca build/stm32g4xx_hal_uart.o
                0x00000000080027ec                UART_AdvFeatureConfig
 .text.UART_WaitOnFlagUntilTimeout
                0x00000000080028b6       0xa2 build/stm32g4xx_hal_uart.o
                0x00000000080028b6                UART_WaitOnFlagUntilTimeout
 .text.HAL_UART_Transmit
                0x0000000008002958       0xd2 build/stm32g4xx_hal_uart.o
                0x0000000008002958                HAL_UART_Transmit
 .text.UART_CheckIdleState
                0x0000000008002a2a       0xca build/stm32g4xx_hal_uart.o
                0x0000000008002a2a                UART_CheckIdleState
 .text.HAL_UART_Init
                0x0000000008002af4       0x66 build/stm32g4xx_hal_uart.o
                0x0000000008002af4                HAL_UART_Init
 *fill*         0x0000000008002b5a        0x2 
 .text.UARTEx_SetNbDataToProcess
                0x0000000008002b5c       0x4c build/stm32g4xx_hal_uart_ex.o
 .text.HAL_UARTEx_DisableFifoMode
                0x0000000008002ba8       0x3e build/stm32g4xx_hal_uart_ex.o
                0x0000000008002ba8                HAL_UARTEx_DisableFifoMode
 .text.HAL_UARTEx_SetTxFifoThreshold
                0x0000000008002be6       0x4a build/stm32g4xx_hal_uart_ex.o
                0x0000000008002be6                HAL_UARTEx_SetTxFifoThreshold
 .text.HAL_UARTEx_SetRxFifoThreshold
                0x0000000008002c30       0x4a build/stm32g4xx_hal_uart_ex.o
                0x0000000008002c30                HAL_UARTEx_SetRxFifoThreshold
 *fill*         0x0000000008002c7a        0x2 
 .text.SystemInit
                0x0000000008002c7c       0x14 build/system_stm32g4xx.o
                0x0000000008002c7c                SystemInit
 .text.Reset_Handler
                0x0000000008002c90       0x50 build/startup_stm32g431xx.o
                0x0000000008002c90                Reset_Handler
 .text.Default_Handler
                0x0000000008002ce0        0x2 build/startup_stm32g431xx.o
                0x0000000008002ce0                RTC_Alarm_IRQHandler
                0x0000000008002ce0                EXTI2_IRQHandler
                0x0000000008002ce0                TIM8_TRG_COM_IRQHandler
                0x0000000008002ce0                TIM8_CC_IRQHandler
                0x0000000008002ce0                TIM1_CC_IRQHandler
                0x0000000008002ce0                USB_HP_IRQHandler
                0x0000000008002ce0                CORDIC_IRQHandler
                0x0000000008002ce0                EXTI3_IRQHandler
                0x0000000008002ce0                I2C3_ER_IRQHandler
                0x0000000008002ce0                EXTI0_IRQHandler
                0x0000000008002ce0                I2C2_EV_IRQHandler
                0x0000000008002ce0                FPU_IRQHandler
                0x0000000008002ce0                FDCAN1_IT1_IRQHandler
                0x0000000008002ce0                TIM1_UP_TIM16_IRQHandler
                0x0000000008002ce0                ADC1_2_IRQHandler
                0x0000000008002ce0                SPI1_IRQHandler
                0x0000000008002ce0                TIM6_DAC_IRQHandler
                0x0000000008002ce0                TIM8_UP_IRQHandler
                0x0000000008002ce0                DMA2_Channel2_IRQHandler
                0x0000000008002ce0                DMA1_Channel4_IRQHandler
                0x0000000008002ce0                USART3_IRQHandler
                0x0000000008002ce0                DMA2_Channel1_IRQHandler
                0x0000000008002ce0                I2C1_EV_IRQHandler
                0x0000000008002ce0                DMA1_Channel6_IRQHandler
                0x0000000008002ce0                UART4_IRQHandler
                0x0000000008002ce0                DMA2_Channel4_IRQHandler
                0x0000000008002ce0                TIM3_IRQHandler
                0x0000000008002ce0                RCC_IRQHandler
                0x0000000008002ce0                DMA1_Channel1_IRQHandler
                0x0000000008002ce0                Default_Handler
                0x0000000008002ce0                RTC_TAMP_LSECSS_IRQHandler
                0x0000000008002ce0                FMAC_IRQHandler
                0x0000000008002ce0                EXTI15_10_IRQHandler
                0x0000000008002ce0                TIM7_IRQHandler
                0x0000000008002ce0                UCPD1_IRQHandler
                0x0000000008002ce0                I2C3_EV_IRQHandler
                0x0000000008002ce0                EXTI9_5_IRQHandler
                0x0000000008002ce0                RTC_WKUP_IRQHandler
                0x0000000008002ce0                PVD_PVM_IRQHandler
                0x0000000008002ce0                SPI2_IRQHandler
                0x0000000008002ce0                DMA2_Channel5_IRQHandler
                0x0000000008002ce0                CRS_IRQHandler
                0x0000000008002ce0                DMA1_Channel5_IRQHandler
                0x0000000008002ce0                USB_LP_IRQHandler
                0x0000000008002ce0                EXTI4_IRQHandler
                0x0000000008002ce0                RNG_IRQHandler
                0x0000000008002ce0                TIM1_TRG_COM_TIM17_IRQHandler
                0x0000000008002ce0                DMA1_Channel3_IRQHandler
                0x0000000008002ce0                WWDG_IRQHandler
                0x0000000008002ce0                LPUART1_IRQHandler
                0x0000000008002ce0                DMA2_Channel6_IRQHandler
                0x0000000008002ce0                FDCAN1_IT0_IRQHandler
                0x0000000008002ce0                TIM2_IRQHandler
                0x0000000008002ce0                COMP1_2_3_IRQHandler
                0x0000000008002ce0                EXTI1_IRQHandler
                0x0000000008002ce0                USART2_IRQHandler
                0x0000000008002ce0                I2C2_ER_IRQHandler
                0x0000000008002ce0                DMA1_Channel2_IRQHandler
                0x0000000008002ce0                TIM8_BRK_IRQHandler
                0x0000000008002ce0                FLASH_IRQHandler
                0x0000000008002ce0                USART1_IRQHandler
                0x0000000008002ce0                SPI3_IRQHandler
                0x0000000008002ce0                I2C1_ER_IRQHandler
                0x0000000008002ce0                LPTIM1_IRQHandler
                0x0000000008002ce0                DMAMUX_OVR_IRQHandler
                0x0000000008002ce0                USBWakeUp_IRQHandler
                0x0000000008002ce0                SAI1_IRQHandler
                0x0000000008002ce0                DMA2_Channel3_IRQHandler
                0x0000000008002ce0                COMP4_IRQHandler
                0x0000000008002ce0                TIM1_BRK_TIM15_IRQHandler
 *fill*         0x0000000008002ce2        0x2 
 .text.__libc_init_array
                0x0000000008002ce4       0x48 /home/dev/gcc-arm-none-eabi-10.3-2021.10/bin/../lib/gcc/arm-none-eabi/10.3.1/../../../../arm-none-eabi/lib/thumb/v7e-m+fp/hard/libc_nano.a(lib_a-init.o)
                0x0000000008002ce4                __libc_init_array
 .text.memset   0x0000000008002d2c       0x10 /home/dev/gcc-arm-none-eabi-10.3-2021.10/bin/../lib/gcc/arm-none-eabi/10.3.1/../../../../arm-none-eabi/lib/thumb/v7e-m+fp/hard/libc_nano.a(lib_a-memset.o)
                0x0000000008002d2c                memset
 .text.printf   0x0000000008002d3c       0x30 /home/dev/gcc-arm-none-eabi-10.3-2021.10/bin/../lib/gcc/arm-none-eabi/10.3.1/../../../../arm-none-eabi/lib/thumb/v7e-m+fp/hard/libc_nano.a(lib_a-printf.o)
                0x0000000008002d3c                printf
                0x0000000008002d3c                iprintf
 .text.std      0x0000000008002d6c       0x48 /home/dev/gcc-arm-none-eabi-10.3-2021.10/bin/../lib/gcc/arm-none-eabi/10.3.1/../../../../arm-none-eabi/lib/thumb/v7e-m+fp/hard/libc_nano.a(lib_a-findfp.o)
 .text._cleanup_r
                0x0000000008002db4        0xc /home/dev/gcc-arm-none-eabi-10.3-2021.10/bin/../lib/gcc/arm-none-eabi/10.3.1/../../../../arm-none-eabi/lib/thumb/v7e-m+fp/hard/libc_nano.a(lib_a-findfp.o)
                0x0000000008002db4                _cleanup_r
 .text.__sfmoreglue
                0x0000000008002dc0       0x2c /home/dev/gcc-arm-none-eabi-10.3-2021.10/bin/../lib/gcc/arm-none-eabi/10.3.1/../../../../arm-none-eabi/lib/thumb/v7e-m+fp/hard/libc_nano.a(lib_a-findfp.o)
                0x0000000008002dc0                __sfmoreglue
 .text.__sfp_lock_acquire
                0x0000000008002dec        0xc /home/dev/gcc-arm-none-eabi-10.3-2021.10/bin/../lib/gcc/arm-none-eabi/10.3.1/../../../../arm-none-eabi/lib/thumb/v7e-m+fp/hard/libc_nano.a(lib_a-findfp.o)
                0x0000000008002dec                __sfp_lock_acquire
 .text.__sfp_lock_release
                0x0000000008002df8        0xc /home/dev/gcc-arm-none-eabi-10.3-2021.10/bin/../lib/gcc/arm-none-eabi/10.3.1/../../../../arm-none-eabi/lib/thumb/v7e-m+fp/hard/libc_nano.a(lib_a-findfp.o)
                0x0000000008002df8                __sfp_lock_release
 .text.__sinit_lock_acquire
                0x0000000008002e04        0xc /home/dev/gcc-arm-none-eabi-10.3-2021.10/bin/../lib/gcc/arm-none-eabi/10.3.1/../../../../arm-none-eabi/lib/thumb/v7e-m+fp/hard/libc_nano.a(lib_a-findfp.o)
                0x0000000008002e04                __sinit_lock_acquire
 .text.__sinit_lock_release
                0x0000000008002e10        0xc /home/dev/gcc-arm-none-eabi-10.3-2021.10/bin/../lib/gcc/arm-none-eabi/10.3.1/../../../../arm-none-eabi/lib/thumb/v7e-m+fp/hard/libc_nano.a(lib_a-findfp.o)
                0x0000000008002e10                __sinit_lock_release
 .text.__sinit  0x0000000008002e1c       0x70 /home/dev/gcc-arm-none-eabi-10.3-2021.10/bin/../lib/gcc/arm-none-eabi/10.3.1/../../../../arm-none-eabi/lib/thumb/v7e-m+fp/hard/libc_nano.a(lib_a-findfp.o)
                0x0000000008002e1c                __sinit
 .text.__sfp    0x0000000008002e8c       0x8c /home/dev/gcc-arm-none-eabi-10.3-2021.10/bin/../lib/gcc/arm-none-eabi/10.3.1/../../../../arm-none-eabi/lib/thumb/v7e-m+fp/hard/libc_nano.a(lib_a-findfp.o)
                0x0000000008002e8c                __sfp
 .text._fwalk_reent
                0x0000000008002f18       0x3e /home/dev/gcc-arm-none-eabi-10.3-2021.10/bin/../lib/gcc/arm-none-eabi/10.3.1/../../../../arm-none-eabi/lib/thumb/v7e-m+fp/hard/libc_nano.a(lib_a-fwalk.o)
                0x0000000008002f18                _fwalk_reent
 .text.__retarget_lock_init_recursive
                0x0000000008002f56        0x2 /home/dev/gcc-arm-none-eabi-10.3-2021.10/bin/../lib/gcc/arm-none-eabi/10.3.1/../../../../arm-none-eabi/lib/thumb/v7e-m+fp/hard/libc_nano.a(lib_a-lock.o)
                0x0000000008002f56                __retarget_lock_init_recursive
 .text.__retarget_lock_acquire_recursive
                0x0000000008002f58        0x2 /home/dev/gcc-arm-none-eabi-10.3-2021.10/bin/../lib/gcc/arm-none-eabi/10.3.1/../../../../arm-none-eabi/lib/thumb/v7e-m+fp/hard/libc_nano.a(lib_a-lock.o)
                0x0000000008002f58                __retarget_lock_acquire_recursive
 .text.__retarget_lock_release_recursive
                0x0000000008002f5a        0x2 /home/dev/gcc-arm-none-eabi-10.3-2021.10/bin/../lib/gcc/arm-none-eabi/10.3.1/../../../../arm-none-eabi/lib/thumb/v7e-m+fp/hard/libc_nano.a(lib_a-lock.o)
                0x0000000008002f5a                __retarget_lock_release_recursive
 .text.sbrk_aligned
                0x0000000008002f5c       0x40 /home/dev/gcc-arm-none-eabi-10.3-2021.10/bin/../lib/gcc/arm-none-eabi/10.3.1/../../../../arm-none-eabi/lib/thumb/v7e-m+fp/hard/libc_nano.a(lib_a-nano-mallocr.o)
 .text._malloc_r
                0x0000000008002f9c       0xe8 /home/dev/gcc-arm-none-eabi-10.3-2021.10/bin/../lib/gcc/arm-none-eabi/10.3.1/../../../../arm-none-eabi/lib/thumb/v7e-m+fp/hard/libc_nano.a(lib_a-nano-mallocr.o)
                0x0000000008002f9c                _malloc_r
 .text.__sfputc_r
                0x0000000008003084       0x2e /home/dev/gcc-arm-none-eabi-10.3-2021.10/bin/../lib/gcc/arm-none-eabi/10.3.1/../../../../arm-none-eabi/lib/thumb/v7e-m+fp/hard/libc_nano.a(lib_a-nano-vfprintf.o)
 .text.__sfputs_r
                0x00000000080030b2       0x24 /home/dev/gcc-arm-none-eabi-10.3-2021.10/bin/../lib/gcc/arm-none-eabi/10.3.1/../../../../arm-none-eabi/lib/thumb/v7e-m+fp/hard/libc_nano.a(lib_a-nano-vfprintf.o)
                0x00000000080030b2                __sfputs_r
 *fill*         0x00000000080030d6        0x2 
 .text._vfprintf_r
                0x00000000080030d8      0x260 /home/dev/gcc-arm-none-eabi-10.3-2021.10/bin/../lib/gcc/arm-none-eabi/10.3.1/../../../../arm-none-eabi/lib/thumb/v7e-m+fp/hard/libc_nano.a(lib_a-nano-vfprintf.o)
                0x00000000080030d8                _vfiprintf_r
                0x00000000080030d8                _vfprintf_r
 .text._printf_common
                0x0000000008003338       0xda /home/dev/gcc-arm-none-eabi-10.3-2021.10/bin/../lib/gcc/arm-none-eabi/10.3.1/../../../../arm-none-eabi/lib/thumb/v7e-m+fp/hard/libc_nano.a(lib_a-nano-vfprintf_i.o)
                0x0000000008003338                _printf_common
 *fill*         0x0000000008003412        0x2 
 .text._printf_i
                0x0000000008003414      0x24c /home/dev/gcc-arm-none-eabi-10.3-2021.10/bin/../lib/gcc/arm-none-eabi/10.3.1/../../../../arm-none-eabi/lib/thumb/v7e-m+fp/hard/libc_nano.a(lib_a-nano-vfprintf_i.o)
                0x0000000008003414                _printf_i
 .text._sbrk_r  0x0000000008003660       0x20 /home/dev/gcc-arm-none-eabi-10.3-2021.10/bin/../lib/gcc/arm-none-eabi/10.3.1/../../../../arm-none-eabi/lib/thumb/v7e-m+fp/hard/libc_nano.a(lib_a-sbrkr.o)
                0x0000000008003660                _sbrk_r
 .text.__sread  0x0000000008003680       0x22 /home/dev/gcc-arm-none-eabi-10.3-2021.10/bin/../lib/gcc/arm-none-eabi/10.3.1/../../../../arm-none-eabi/lib/thumb/v7e-m+fp/hard/libc_nano.a(lib_a-stdio.o)
                0x0000000008003680                __sread
 .text.__swrite
                0x00000000080036a2       0x38 /home/dev/gcc-arm-none-eabi-10.3-2021.10/bin/../lib/gcc/arm-none-eabi/10.3.1/../../../../arm-none-eabi/lib/thumb/v7e-m+fp/hard/libc_nano.a(lib_a-stdio.o)
                0x00000000080036a2                __swrite
 .text.__sseek  0x00000000080036da       0x24 /home/dev/gcc-arm-none-eabi-10.3-2021.10/bin/../lib/gcc/arm-none-eabi/10.3.1/../../../../arm-none-eabi/lib/thumb/v7e-m+fp/hard/libc_nano.a(lib_a-stdio.o)
                0x00000000080036da                __sseek
 .text.__sclose
                0x00000000080036fe        0x8 /home/dev/gcc-arm-none-eabi-10.3-2021.10/bin/../lib/gcc/arm-none-eabi/10.3.1/../../../../arm-none-eabi/lib/thumb/v7e-m+fp/hard/libc_nano.a(lib_a-stdio.o)
                0x00000000080036fe                __sclose
 *fill*         0x0000000008003706        0x2 
 .text.__swbuf_r
                0x0000000008003708       0xa4 /home/dev/gcc-arm-none-eabi-10.3-2021.10/bin/../lib/gcc/arm-none-eabi/10.3.1/../../../../arm-none-eabi/lib/thumb/v7e-m+fp/hard/libc_nano.a(lib_a-wbuf.o)
                0x0000000008003708                __swbuf_r
 .text._write_r
                0x00000000080037ac       0x24 /home/dev/gcc-arm-none-eabi-10.3-2021.10/bin/../lib/gcc/arm-none-eabi/10.3.1/../../../../arm-none-eabi/lib/thumb/v7e-m+fp/hard/libc_nano.a(lib_a-writer.o)
                0x00000000080037ac                _write_r
 .text.__swsetup_r
                0x00000000080037d0       0xdc /home/dev/gcc-arm-none-eabi-10.3-2021.10/bin/../lib/gcc/arm-none-eabi/10.3.1/../../../../arm-none-eabi/lib/thumb/v7e-m+fp/hard/libc_nano.a(lib_a-wsetup.o)
                0x00000000080037d0                __swsetup_r
 .text._close_r
                0x00000000080038ac       0x20 /home/dev/gcc-arm-none-eabi-10.3-2021.10/bin/../lib/gcc/arm-none-eabi/10.3.1/../../../../arm-none-eabi/lib/thumb/v7e-m+fp/hard/libc_nano.a(lib_a-closer.o)
                0x00000000080038ac                _close_r
 .text.__sflush_r
                0x00000000080038cc      0x10c /home/dev/gcc-arm-none-eabi-10.3-2021.10/bin/../lib/gcc/arm-none-eabi/10.3.1/../../../../arm-none-eabi/lib/thumb/v7e-m+fp/hard/libc_nano.a(lib_a-fflush.o)
                0x00000000080038cc                __sflush_r
 .text._fflush_r
                0x00000000080039d8       0x78 /home/dev/gcc-arm-none-eabi-10.3-2021.10/bin/../lib/gcc/arm-none-eabi/10.3.1/../../../../arm-none-eabi/lib/thumb/v7e-m+fp/hard/libc_nano.a(lib_a-fflush.o)
                0x00000000080039d8                _fflush_r
 .text._lseek_r
                0x0000000008003a50       0x24 /home/dev/gcc-arm-none-eabi-10.3-2021.10/bin/../lib/gcc/arm-none-eabi/10.3.1/../../../../arm-none-eabi/lib/thumb/v7e-m+fp/hard/libc_nano.a(lib_a-lseekr.o)
                0x0000000008003a50                _lseek_r
 .text.__swhatbuf_r
                0x0000000008003a74       0x4a /home/dev/gcc-arm-none-eabi-10.3-2021.10/bin/../lib/gcc/arm-none-eabi/10.3.1/../../../../arm-none-eabi/lib/thumb/v7e-m+fp/hard/libc_nano.a(lib_a-makebuf.o)
                0x0000000008003a74                __swhatbuf_r
 *fill*         0x0000000008003abe        0x2 
 .text.__smakebuf_r
                0x0000000008003ac0       0x80 /home/dev/gcc-arm-none-eabi-10.3-2021.10/bin/../lib/gcc/arm-none-eabi/10.3.1/../../../../arm-none-eabi/lib/thumb/v7e-m+fp/hard/libc_nano.a(lib_a-makebuf.o)
                0x0000000008003ac0                __smakebuf_r
 .text.__malloc_lock
                0x0000000008003b40        0xc /home/dev/gcc-arm-none-eabi-10.3-2021.10/bin/../lib/gcc/arm-none-eabi/10.3.1/../../../../arm-none-eabi/lib/thumb/v7e-m+fp/hard/libc_nano.a(lib_a-mlock.o)
                0x0000000008003b40                __malloc_lock
 .text.__malloc_unlock
                0x0000000008003b4c        0xc /home/dev/gcc-arm-none-eabi-10.3-2021.10/bin/../lib/gcc/arm-none-eabi/10.3.1/../../../../arm-none-eabi/lib/thumb/v7e-m+fp/hard/libc_nano.a(lib_a-mlock.o)
                0x0000000008003b4c                __malloc_unlock
 .text._free_r  0x0000000008003b58       0x98 /home/dev/gcc-arm-none-eabi-10.3-2021.10/bin/../lib/gcc/arm-none-eabi/10.3.1/../../../../arm-none-eabi/lib/thumb/v7e-m+fp/hard/libc_nano.a(lib_a-nano-freer.o)
                0x0000000008003b58                _free_r
 .text._read_r  0x0000000008003bf0       0x24 /home/dev/gcc-arm-none-eabi-10.3-2021.10/bin/../lib/gcc/arm-none-eabi/10.3.1/../../../../arm-none-eabi/lib/thumb/v7e-m+fp/hard/libc_nano.a(lib_a-readr.o)
                0x0000000008003bf0                _read_r
 .text._fstat_r
                0x0000000008003c14       0x24 /home/dev/gcc-arm-none-eabi-10.3-2021.10/bin/../lib/gcc/arm-none-eabi/10.3.1/../../../../arm-none-eabi/lib/thumb/v7e-m+fp/hard/libc_nano.a(lib_a-fstatr.o)
                0x0000000008003c14                _fstat_r
 .text._isatty_r
                0x0000000008003c38       0x20 /home/dev/gcc-arm-none-eabi-10.3-2021.10/bin/../lib/gcc/arm-none-eabi/10.3.1/../../../../arm-none-eabi/lib/thumb/v7e-m+fp/hard/libc_nano.a(lib_a-isattyr.o)
                0x0000000008003c38                _isatty_r
 .text._close   0x0000000008003c58       0x10 /home/dev/gcc-arm-none-eabi-10.3-2021.10/bin/../lib/gcc/arm-none-eabi/10.3.1/../../../../arm-none-eabi/lib/thumb/v7e-m+fp/hard/libnosys.a(close.o)
                0x0000000008003c58                _close
 .text._fstat   0x0000000008003c68       0x10 /home/dev/gcc-arm-none-eabi-10.3-2021.10/bin/../lib/gcc/arm-none-eabi/10.3.1/../../../../arm-none-eabi/lib/thumb/v7e-m+fp/hard/libnosys.a(fstat.o)
                0x0000000008003c68                _fstat
 .text._isatty  0x0000000008003c78       0x10 /home/dev/gcc-arm-none-eabi-10.3-2021.10/bin/../lib/gcc/arm-none-eabi/10.3.1/../../../../arm-none-eabi/lib/thumb/v7e-m+fp/hard/libnosys.a(isatty.o)
                0x0000000008003c78                _isatty
 .text._lseek   0x0000000008003c88       0x10 /home/dev/gcc-arm-none-eabi-10.3-2021.10/bin/../lib/gcc/arm-none-eabi/10.3.1/../../../../arm-none-eabi/lib/thumb/v7e-m+fp/hard/libnosys.a(lseek.o)
                0x0000000008003c88                _lseek
 .text._read    0x0000000008003c98       0x10 /home/dev/gcc-arm-none-eabi-10.3-2021.10/bin/../lib/gcc/arm-none-eabi/10.3.1/../../../../arm-none-eabi/lib/thumb/v7e-m+fp/hard/libnosys.a(read.o)
                0x0000000008003c98                _read
 .text._sbrk    0x0000000008003ca8       0x1c /home/dev/gcc-arm-none-eabi-10.3-2021.10/bin/../lib/gcc/arm-none-eabi/10.3.1/../../../../arm-none-eabi/lib/thumb/v7e-m+fp/hard/libnosys.a(sbrk.o)
                0x0000000008003ca8                _sbrk
 *(.glue_7)
 .glue_7        0x0000000008003cc4        0x0 linker stubs
 *(.glue_7t)
 .glue_7t       0x0000000008003cc4        0x0 linker stubs
 *(.eh_frame)
 .eh_frame      0x0000000008003cc4        0x0 /home/dev/gcc-arm-none-eabi-10.3-2021.10/bin/../lib/gcc/arm-none-eabi/10.3.1/thumb/v7e-m+fp/hard/crtbegin.o
 *(.init)
 .init          0x0000000008003cc4        0x4 /home/dev/gcc-arm-none-eabi-10.3-2021.10/bin/../lib/gcc/arm-none-eabi/10.3.1/thumb/v7e-m+fp/hard/crti.o
                0x0000000008003cc4                _init
 .init          0x0000000008003cc8        0x8 /home/dev/gcc-arm-none-eabi-10.3-2021.10/bin/../lib/gcc/arm-none-eabi/10.3.1/thumb/v7e-m+fp/hard/crtn.o
 *(.fini)
 .fini          0x0000000008003cd0        0x4 /home/dev/gcc-arm-none-eabi-10.3-2021.10/bin/../lib/gcc/arm-none-eabi/10.3.1/thumb/v7e-m+fp/hard/crti.o
                0x0000000008003cd0                _fini
 .fini          0x0000000008003cd4        0x8 /home/dev/gcc-arm-none-eabi-10.3-2021.10/bin/../lib/gcc/arm-none-eabi/10.3.1/thumb/v7e-m+fp/hard/crtn.o
                0x0000000008003cdc                . = ALIGN (0x4)
                0x0000000008003cdc                _etext = .

.vfp11_veneer   0x0000000008003cdc        0x0
 .vfp11_veneer  0x0000000008003cdc        0x0 linker stubs

.v4_bx          0x0000000008003cdc        0x0
 .v4_bx         0x0000000008003cdc        0x0 linker stubs

.iplt           0x0000000008003cdc        0x0
 .iplt          0x0000000008003cdc        0x0 /home/dev/gcc-arm-none-eabi-10.3-2021.10/bin/../lib/gcc/arm-none-eabi/10.3.1/thumb/v7e-m+fp/hard/crtbegin.o

.rodata         0x0000000008003cdc      0x138
                0x0000000008003cdc                . = ALIGN (0x4)
 *(.rodata)
 *(.rodata*)
 .rodata.HAL_TIM_PeriodElapsedCallback.str1.4
                0x0000000008003cdc       0x25 build/main.o
 *fill*         0x0000000008003d01        0x3 
 .rodata.Error_Handler.str1.4
                0x0000000008003d04       0x13 build/main.o
 *fill*         0x0000000008003d17        0x1 
 .rodata.MX_USART2_UART_Init.str1.4
                0x0000000008003d18       0x12 build/main.o
 *fill*         0x0000000008003d2a        0x2 
 .rodata.DLCtoBytes
                0x0000000008003d2c       0x10 build/stm32g4xx_hal_fdcan.o
 .rodata.UARTPrescTable
                0x0000000008003d3c       0x18 build/stm32g4xx_hal_uart.o
                0x0000000008003d3c                UARTPrescTable
 .rodata.denominator.0
                0x0000000008003d54        0x8 build/stm32g4xx_hal_uart_ex.o
 .rodata.numerator.1
                0x0000000008003d5c        0x8 build/stm32g4xx_hal_uart_ex.o
 .rodata.AHBPrescTable
                0x0000000008003d64       0x10 build/system_stm32g4xx.o
                0x0000000008003d64                AHBPrescTable
 .rodata.APBPrescTable
                0x0000000008003d74        0x8 build/system_stm32g4xx.o
                0x0000000008003d74                APBPrescTable
 .rodata._global_impure_ptr
                0x0000000008003d7c        0x4 /home/dev/gcc-arm-none-eabi-10.3-2021.10/bin/../lib/gcc/arm-none-eabi/10.3.1/../../../../arm-none-eabi/lib/thumb/v7e-m+fp/hard/libc_nano.a(lib_a-impure.o)
                0x0000000008003d7c                _global_impure_ptr
 .rodata.__sf_fake_stderr
                0x0000000008003d80       0x20 /home/dev/gcc-arm-none-eabi-10.3-2021.10/bin/../lib/gcc/arm-none-eabi/10.3.1/../../../../arm-none-eabi/lib/thumb/v7e-m+fp/hard/libc_nano.a(lib_a-findfp.o)
                0x0000000008003d80                __sf_fake_stderr
 .rodata.__sf_fake_stdin
                0x0000000008003da0       0x20 /home/dev/gcc-arm-none-eabi-10.3-2021.10/bin/../lib/gcc/arm-none-eabi/10.3.1/../../../../arm-none-eabi/lib/thumb/v7e-m+fp/hard/libc_nano.a(lib_a-findfp.o)
                0x0000000008003da0                __sf_fake_stdin
 .rodata.__sf_fake_stdout
                0x0000000008003dc0       0x20 /home/dev/gcc-arm-none-eabi-10.3-2021.10/bin/../lib/gcc/arm-none-eabi/10.3.1/../../../../arm-none-eabi/lib/thumb/v7e-m+fp/hard/libc_nano.a(lib_a-findfp.o)
                0x0000000008003dc0                __sf_fake_stdout
 .rodata._vfprintf_r.str1.1
                0x0000000008003de0       0x11 /home/dev/gcc-arm-none-eabi-10.3-2021.10/bin/../lib/gcc/arm-none-eabi/10.3.1/../../../../arm-none-eabi/lib/thumb/v7e-m+fp/hard/libc_nano.a(lib_a-nano-vfprintf.o)
 .rodata._printf_i.str1.1
                0x0000000008003df1       0x22 /home/dev/gcc-arm-none-eabi-10.3-2021.10/bin/../lib/gcc/arm-none-eabi/10.3.1/../../../../arm-none-eabi/lib/thumb/v7e-m+fp/hard/libc_nano.a(lib_a-nano-vfprintf_i.o)
                0x0000000008003e14                . = ALIGN (0x4)
 *fill*         0x0000000008003e13        0x1 

.ARM.extab
 *(.ARM.extab* .gnu.linkonce.armextab.*)

.ARM            0x0000000008003e14        0x8
                0x0000000008003e14                __exidx_start = .
 *(.ARM.exidx*)
 .ARM.exidx     0x0000000008003e14        0x8 /home/dev/gcc-arm-none-eabi-10.3-2021.10/bin/../lib/gcc/arm-none-eabi/10.3.1/thumb/v7e-m+fp/hard/libgcc.a(_udivmoddi4.o)
                0x0000000008003e1c                __exidx_end = .

.rel.dyn        0x0000000008003e1c        0x0
 .rel.iplt      0x0000000008003e1c        0x0 /home/dev/gcc-arm-none-eabi-10.3-2021.10/bin/../lib/gcc/arm-none-eabi/10.3.1/thumb/v7e-m+fp/hard/crtbegin.o

.preinit_array  0x0000000008003e1c        0x0
                0x0000000008003e1c                PROVIDE (__preinit_array_start = .)
 *(.preinit_array*)
                0x0000000008003e1c                PROVIDE (__preinit_array_end = .)

.init_array     0x0000000008003e1c        0x4
                0x0000000008003e1c                PROVIDE (__init_array_start = .)
 *(SORT_BY_NAME(.init_array.*))
 *(.init_array*)
 .init_array    0x0000000008003e1c        0x4 /home/dev/gcc-arm-none-eabi-10.3-2021.10/bin/../lib/gcc/arm-none-eabi/10.3.1/thumb/v7e-m+fp/hard/crtbegin.o
                0x0000000008003e20                PROVIDE (__init_array_end = .)

.fini_array     0x0000000008003e20        0x4
                [!provide]                        PROVIDE (__fini_array_start = .)
 *(SORT_BY_NAME(.fini_array.*))
 *(.fini_array*)
 .fini_array    0x0000000008003e20        0x4 /home/dev/gcc-arm-none-eabi-10.3-2021.10/bin/../lib/gcc/arm-none-eabi/10.3.1/thumb/v7e-m+fp/hard/crtbegin.o
                [!provide]                        PROVIDE (__fini_array_end = .)
                0x0000000008003e24                _sidata = LOADADDR (.data)

.data           0x0000000020000000       0x70 load address 0x0000000008003e24
                0x0000000020000000                . = ALIGN (0x4)
                0x0000000020000000                _sdata = .
 *(.data)
 *(.data*)
 .data.uwTickFreq
                0x0000000020000000        0x4 build/stm32g4xx_hal.o
                0x0000000020000000                uwTickFreq
 .data.uwTickPrio
                0x0000000020000004        0x4 build/stm32g4xx_hal.o
                0x0000000020000004                uwTickPrio
 .data.SystemCoreClock
                0x0000000020000008        0x4 build/system_stm32g4xx.o
                0x0000000020000008                SystemCoreClock
 .data._impure_ptr
                0x000000002000000c        0x4 /home/dev/gcc-arm-none-eabi-10.3-2021.10/bin/../lib/gcc/arm-none-eabi/10.3.1/../../../../arm-none-eabi/lib/thumb/v7e-m+fp/hard/libc_nano.a(lib_a-impure.o)
                0x000000002000000c                _impure_ptr
 .data.impure_data
                0x0000000020000010       0x60 /home/dev/gcc-arm-none-eabi-10.3-2021.10/bin/../lib/gcc/arm-none-eabi/10.3.1/../../../../arm-none-eabi/lib/thumb/v7e-m+fp/hard/libc_nano.a(lib_a-impure.o)
                0x0000000020000070                . = ALIGN (0x4)
                0x0000000020000070                _edata = .

.igot.plt       0x0000000020000070        0x0 load address 0x0000000008003e94
 .igot.plt      0x0000000020000070        0x0 /home/dev/gcc-arm-none-eabi-10.3-2021.10/bin/../lib/gcc/arm-none-eabi/10.3.1/thumb/v7e-m+fp/hard/crtbegin.o
                0x0000000020000070                . = ALIGN (0x4)

.bss            0x0000000020000070      0x1b0 load address 0x0000000008003e94
                0x0000000020000070                _sbss = .
                0x0000000020000070                __bss_start__ = _sbss
 *(.bss)
 .bss           0x0000000020000070       0x1c /home/dev/gcc-arm-none-eabi-10.3-2021.10/bin/../lib/gcc/arm-none-eabi/10.3.1/thumb/v7e-m+fp/hard/crtbegin.o
 *(.bss*)
 .bss.button_inputs
                0x000000002000008c        0x1 build/main.o
                0x000000002000008c                button_inputs
 *fill*         0x000000002000008d        0x3 
 .bss.can_message_content
                0x0000000020000090        0x8 build/main.o
                0x0000000020000090                can_message_content
 .bss.hfdcan1   0x0000000020000098       0x64 build/main.o
                0x0000000020000098                hfdcan1
 .bss.htim4     0x00000000200000fc       0x4c build/main.o
                0x00000000200000fc                htim4
 .bss.huart2    0x0000000020000148       0x94 build/main.o
                0x0000000020000148                huart2
 .bss.last_tick
                0x00000000200001dc        0x4 build/main.o
                0x00000000200001dc                last_tick
 .bss.paddle_inputs
                0x00000000200001e0        0x1 build/main.o
                0x00000000200001e0                paddle_inputs
 *fill*         0x00000000200001e1        0x3 
 .bss.tx_header
                0x00000000200001e4       0x24 build/main.o
                0x00000000200001e4                tx_header
 .bss.uwTick    0x0000000020000208        0x4 build/stm32g4xx_hal.o
                0x0000000020000208                uwTick
 .bss.__lock___malloc_recursive_mutex
                0x000000002000020c        0x1 /home/dev/gcc-arm-none-eabi-10.3-2021.10/bin/../lib/gcc/arm-none-eabi/10.3.1/../../../../arm-none-eabi/lib/thumb/v7e-m+fp/hard/libc_nano.a(lib_a-lock.o)
                0x000000002000020c                __lock___malloc_recursive_mutex
 .bss.__lock___sfp_recursive_mutex
                0x000000002000020d        0x1 /home/dev/gcc-arm-none-eabi-10.3-2021.10/bin/../lib/gcc/arm-none-eabi/10.3.1/../../../../arm-none-eabi/lib/thumb/v7e-m+fp/hard/libc_nano.a(lib_a-lock.o)
                0x000000002000020d                __lock___sfp_recursive_mutex
 .bss.__lock___sinit_recursive_mutex
                0x000000002000020e        0x1 /home/dev/gcc-arm-none-eabi-10.3-2021.10/bin/../lib/gcc/arm-none-eabi/10.3.1/../../../../arm-none-eabi/lib/thumb/v7e-m+fp/hard/libc_nano.a(lib_a-lock.o)
                0x000000002000020e                __lock___sinit_recursive_mutex
 *fill*         0x000000002000020f        0x1 
 .bss.__malloc_free_list
                0x0000000020000210        0x4 /home/dev/gcc-arm-none-eabi-10.3-2021.10/bin/../lib/gcc/arm-none-eabi/10.3.1/../../../../arm-none-eabi/lib/thumb/v7e-m+fp/hard/libc_nano.a(lib_a-nano-mallocr.o)
                0x0000000020000210                __malloc_free_list
 .bss.__malloc_sbrk_start
                0x0000000020000214        0x4 /home/dev/gcc-arm-none-eabi-10.3-2021.10/bin/../lib/gcc/arm-none-eabi/10.3.1/../../../../arm-none-eabi/lib/thumb/v7e-m+fp/hard/libc_nano.a(lib_a-nano-mallocr.o)
                0x0000000020000214                __malloc_sbrk_start
 .bss.errno     0x0000000020000218        0x4 /home/dev/gcc-arm-none-eabi-10.3-2021.10/bin/../lib/gcc/arm-none-eabi/10.3.1/../../../../arm-none-eabi/lib/thumb/v7e-m+fp/hard/libc_nano.a(lib_a-reent.o)
                0x0000000020000218                errno
 .bss.heap_end.0
                0x000000002000021c        0x4 /home/dev/gcc-arm-none-eabi-10.3-2021.10/bin/../lib/gcc/arm-none-eabi/10.3.1/../../../../arm-none-eabi/lib/thumb/v7e-m+fp/hard/libnosys.a(sbrk.o)
 *(COMMON)
                0x0000000020000220                . = ALIGN (0x4)
                0x0000000020000220                _ebss = .
                0x0000000020000220                __bss_end__ = _ebss

._user_heap_stack
                0x0000000020000220      0x600 load address 0x0000000008003e94
                0x0000000020000220                . = ALIGN (0x8)
                0x0000000020000220                PROVIDE (end = .)
                [!provide]                        PROVIDE (_end = .)
                0x0000000020000420                . = (. + _Min_Heap_Size)
 *fill*         0x0000000020000220      0x200 
                0x0000000020000820                . = (. + _Min_Stack_Size)
 *fill*         0x0000000020000420      0x400 
                0x0000000020000820                . = ALIGN (0x8)

/DISCARD/
 libc.a(*)
 libm.a(*)
 libgcc.a(*)

.ARM.attributes
                0x0000000000000000       0x30
 *(.ARM.attributes)
 .ARM.attributes
                0x0000000000000000       0x1e /home/dev/gcc-arm-none-eabi-10.3-2021.10/bin/../lib/gcc/arm-none-eabi/10.3.1/thumb/v7e-m+fp/hard/crti.o
 .ARM.attributes
                0x000000000000001e       0x34 /home/dev/gcc-arm-none-eabi-10.3-2021.10/bin/../lib/gcc/arm-none-eabi/10.3.1/thumb/v7e-m+fp/hard/crtbegin.o
 .ARM.attributes
                0x0000000000000052       0x34 build/main.o
 .ARM.attributes
                0x0000000000000086       0x34 build/stm32g4xx_it.o
 .ARM.attributes
                0x00000000000000ba       0x34 build/stm32g4xx_hal_msp.o
 .ARM.attributes
                0x00000000000000ee       0x34 build/stm32g4xx_hal_fdcan.o
 .ARM.attributes
                0x0000000000000122       0x34 build/stm32g4xx_hal.o
 .ARM.attributes
                0x0000000000000156       0x34 build/stm32g4xx_hal_rcc.o
 .ARM.attributes
                0x000000000000018a       0x34 build/stm32g4xx_hal_rcc_ex.o
 .ARM.attributes
                0x00000000000001be       0x34 build/stm32g4xx_hal_gpio.o
 .ARM.attributes
                0x00000000000001f2       0x34 build/stm32g4xx_hal_pwr_ex.o
 .ARM.attributes
                0x0000000000000226       0x34 build/stm32g4xx_hal_cortex.o
 .ARM.attributes
                0x000000000000025a       0x34 build/stm32g4xx_hal_tim.o
 .ARM.attributes
                0x000000000000028e       0x34 build/stm32g4xx_hal_tim_ex.o
 .ARM.attributes
                0x00000000000002c2       0x34 build/stm32g4xx_hal_uart.o
 .ARM.attributes
                0x00000000000002f6       0x34 build/stm32g4xx_hal_uart_ex.o
 .ARM.attributes
                0x000000000000032a       0x34 build/system_stm32g4xx.o
 .ARM.attributes
                0x000000000000035e       0x21 build/startup_stm32g431xx.o
 .ARM.attributes
                0x000000000000037f       0x34 /home/dev/gcc-arm-none-eabi-10.3-2021.10/bin/../lib/gcc/arm-none-eabi/10.3.1/../../../../arm-none-eabi/lib/thumb/v7e-m+fp/hard/libc_nano.a(lib_a-impure.o)
 .ARM.attributes
                0x00000000000003b3       0x34 /home/dev/gcc-arm-none-eabi-10.3-2021.10/bin/../lib/gcc/arm-none-eabi/10.3.1/../../../../arm-none-eabi/lib/thumb/v7e-m+fp/hard/libc_nano.a(lib_a-init.o)
 .ARM.attributes
                0x00000000000003e7       0x34 /home/dev/gcc-arm-none-eabi-10.3-2021.10/bin/../lib/gcc/arm-none-eabi/10.3.1/../../../../arm-none-eabi/lib/thumb/v7e-m+fp/hard/libc_nano.a(lib_a-memset.o)
 .ARM.attributes
                0x000000000000041b       0x34 /home/dev/gcc-arm-none-eabi-10.3-2021.10/bin/../lib/gcc/arm-none-eabi/10.3.1/../../../../arm-none-eabi/lib/thumb/v7e-m+fp/hard/libc_nano.a(lib_a-printf.o)
 .ARM.attributes
                0x000000000000044f       0x34 /home/dev/gcc-arm-none-eabi-10.3-2021.10/bin/../lib/gcc/arm-none-eabi/10.3.1/../../../../arm-none-eabi/lib/thumb/v7e-m+fp/hard/libc_nano.a(lib_a-findfp.o)
 .ARM.attributes
                0x0000000000000483       0x34 /home/dev/gcc-arm-none-eabi-10.3-2021.10/bin/../lib/gcc/arm-none-eabi/10.3.1/../../../../arm-none-eabi/lib/thumb/v7e-m+fp/hard/libc_nano.a(lib_a-fwalk.o)
 .ARM.attributes
                0x00000000000004b7       0x34 /home/dev/gcc-arm-none-eabi-10.3-2021.10/bin/../lib/gcc/arm-none-eabi/10.3.1/../../../../arm-none-eabi/lib/thumb/v7e-m+fp/hard/libc_nano.a(lib_a-lock.o)
 .ARM.attributes
                0x00000000000004eb       0x34 /home/dev/gcc-arm-none-eabi-10.3-2021.10/bin/../lib/gcc/arm-none-eabi/10.3.1/../../../../arm-none-eabi/lib/thumb/v7e-m+fp/hard/libc_nano.a(lib_a-nano-mallocr.o)
 .ARM.attributes
                0x000000000000051f       0x34 /home/dev/gcc-arm-none-eabi-10.3-2021.10/bin/../lib/gcc/arm-none-eabi/10.3.1/../../../../arm-none-eabi/lib/thumb/v7e-m+fp/hard/libc_nano.a(lib_a-nano-vfprintf.o)
 .ARM.attributes
                0x0000000000000553       0x34 /home/dev/gcc-arm-none-eabi-10.3-2021.10/bin/../lib/gcc/arm-none-eabi/10.3.1/../../../../arm-none-eabi/lib/thumb/v7e-m+fp/hard/libc_nano.a(lib_a-nano-vfprintf_i.o)
 .ARM.attributes
                0x0000000000000587       0x34 /home/dev/gcc-arm-none-eabi-10.3-2021.10/bin/../lib/gcc/arm-none-eabi/10.3.1/../../../../arm-none-eabi/lib/thumb/v7e-m+fp/hard/libc_nano.a(lib_a-sbrkr.o)
 .ARM.attributes
                0x00000000000005bb       0x34 /home/dev/gcc-arm-none-eabi-10.3-2021.10/bin/../lib/gcc/arm-none-eabi/10.3.1/../../../../arm-none-eabi/lib/thumb/v7e-m+fp/hard/libc_nano.a(lib_a-stdio.o)
 .ARM.attributes
                0x00000000000005ef       0x34 /home/dev/gcc-arm-none-eabi-10.3-2021.10/bin/../lib/gcc/arm-none-eabi/10.3.1/../../../../arm-none-eabi/lib/thumb/v7e-m+fp/hard/libc_nano.a(lib_a-wbuf.o)
 .ARM.attributes
                0x0000000000000623       0x34 /home/dev/gcc-arm-none-eabi-10.3-2021.10/bin/../lib/gcc/arm-none-eabi/10.3.1/../../../../arm-none-eabi/lib/thumb/v7e-m+fp/hard/libc_nano.a(lib_a-writer.o)
 .ARM.attributes
                0x0000000000000657       0x34 /home/dev/gcc-arm-none-eabi-10.3-2021.10/bin/../lib/gcc/arm-none-eabi/10.3.1/../../../../arm-none-eabi/lib/thumb/v7e-m+fp/hard/libc_nano.a(lib_a-wsetup.o)
 .ARM.attributes
                0x000000000000068b       0x34 /home/dev/gcc-arm-none-eabi-10.3-2021.10/bin/../lib/gcc/arm-none-eabi/10.3.1/../../../../arm-none-eabi/lib/thumb/v7e-m+fp/hard/libc_nano.a(lib_a-closer.o)
 .ARM.attributes
                0x00000000000006bf       0x34 /home/dev/gcc-arm-none-eabi-10.3-2021.10/bin/../lib/gcc/arm-none-eabi/10.3.1/../../../../arm-none-eabi/lib/thumb/v7e-m+fp/hard/libc_nano.a(lib_a-fflush.o)
 .ARM.attributes
                0x00000000000006f3       0x34 /home/dev/gcc-arm-none-eabi-10.3-2021.10/bin/../lib/gcc/arm-none-eabi/10.3.1/../../../../arm-none-eabi/lib/thumb/v7e-m+fp/hard/libc_nano.a(lib_a-lseekr.o)
 .ARM.attributes
                0x0000000000000727       0x34 /home/dev/gcc-arm-none-eabi-10.3-2021.10/bin/../lib/gcc/arm-none-eabi/10.3.1/../../../../arm-none-eabi/lib/thumb/v7e-m+fp/hard/libc_nano.a(lib_a-makebuf.o)
 .ARM.attributes
                0x000000000000075b       0x1c /home/dev/gcc-arm-none-eabi-10.3-2021.10/bin/../lib/gcc/arm-none-eabi/10.3.1/../../../../arm-none-eabi/lib/thumb/v7e-m+fp/hard/libc_nano.a(lib_a-memchr.o)
 .ARM.attributes
                0x0000000000000777       0x34 /home/dev/gcc-arm-none-eabi-10.3-2021.10/bin/../lib/gcc/arm-none-eabi/10.3.1/../../../../arm-none-eabi/lib/thumb/v7e-m+fp/hard/libc_nano.a(lib_a-mlock.o)
 .ARM.attributes
                0x00000000000007ab       0x34 /home/dev/gcc-arm-none-eabi-10.3-2021.10/bin/../lib/gcc/arm-none-eabi/10.3.1/../../../../arm-none-eabi/lib/thumb/v7e-m+fp/hard/libc_nano.a(lib_a-nano-freer.o)
 .ARM.attributes
                0x00000000000007df       0x34 /home/dev/gcc-arm-none-eabi-10.3-2021.10/bin/../lib/gcc/arm-none-eabi/10.3.1/../../../../arm-none-eabi/lib/thumb/v7e-m+fp/hard/libc_nano.a(lib_a-readr.o)
 .ARM.attributes
                0x0000000000000813       0x34 /home/dev/gcc-arm-none-eabi-10.3-2021.10/bin/../lib/gcc/arm-none-eabi/10.3.1/../../../../arm-none-eabi/lib/thumb/v7e-m+fp/hard/libc_nano.a(lib_a-reent.o)
 .ARM.attributes
                0x0000000000000847       0x34 /home/dev/gcc-arm-none-eabi-10.3-2021.10/bin/../lib/gcc/arm-none-eabi/10.3.1/../../../../arm-none-eabi/lib/thumb/v7e-m+fp/hard/libc_nano.a(lib_a-fstatr.o)
 .ARM.attributes
                0x000000000000087b       0x34 /home/dev/gcc-arm-none-eabi-10.3-2021.10/bin/../lib/gcc/arm-none-eabi/10.3.1/../../../../arm-none-eabi/lib/thumb/v7e-m+fp/hard/libc_nano.a(lib_a-isattyr.o)
 .ARM.attributes
                0x00000000000008af       0x34 /home/dev/gcc-arm-none-eabi-10.3-2021.10/bin/../lib/gcc/arm-none-eabi/10.3.1/../../../../arm-none-eabi/lib/thumb/v7e-m+fp/hard/libnosys.a(close.o)
 .ARM.attributes
                0x00000000000008e3       0x34 /home/dev/gcc-arm-none-eabi-10.3-2021.10/bin/../lib/gcc/arm-none-eabi/10.3.1/../../../../arm-none-eabi/lib/thumb/v7e-m+fp/hard/libnosys.a(fstat.o)
 .ARM.attributes
                0x0000000000000917       0x34 /home/dev/gcc-arm-none-eabi-10.3-2021.10/bin/../lib/gcc/arm-none-eabi/10.3.1/../../../../arm-none-eabi/lib/thumb/v7e-m+fp/hard/libnosys.a(isatty.o)
 .ARM.attributes
                0x000000000000094b       0x34 /home/dev/gcc-arm-none-eabi-10.3-2021.10/bin/../lib/gcc/arm-none-eabi/10.3.1/../../../../arm-none-eabi/lib/thumb/v7e-m+fp/hard/libnosys.a(lseek.o)
 .ARM.attributes
                0x000000000000097f       0x34 /home/dev/gcc-arm-none-eabi-10.3-2021.10/bin/../lib/gcc/arm-none-eabi/10.3.1/../../../../arm-none-eabi/lib/thumb/v7e-m+fp/hard/libnosys.a(read.o)
 .ARM.attributes
                0x00000000000009b3       0x34 /home/dev/gcc-arm-none-eabi-10.3-2021.10/bin/../lib/gcc/arm-none-eabi/10.3.1/../../../../arm-none-eabi/lib/thumb/v7e-m+fp/hard/libnosys.a(sbrk.o)
 .ARM.attributes
                0x00000000000009e7       0x1e /home/dev/gcc-arm-none-eabi-10.3-2021.10/bin/../lib/gcc/arm-none-eabi/10.3.1/thumb/v7e-m+fp/hard/libgcc.a(_aeabi_uldivmod.o)
 .ARM.attributes
                0x0000000000000a05       0x34 /home/dev/gcc-arm-none-eabi-10.3-2021.10/bin/../lib/gcc/arm-none-eabi/10.3.1/thumb/v7e-m+fp/hard/libgcc.a(_udivmoddi4.o)
 .ARM.attributes
                0x0000000000000a39       0x1e /home/dev/gcc-arm-none-eabi-10.3-2021.10/bin/../lib/gcc/arm-none-eabi/10.3.1/thumb/v7e-m+fp/hard/libgcc.a(_dvmd_tls.o)
 .ARM.attributes
                0x0000000000000a57       0x1e /home/dev/gcc-arm-none-eabi-10.3-2021.10/bin/../lib/gcc/arm-none-eabi/10.3.1/thumb/v7e-m+fp/hard/crtn.o
OUTPUT(build/SteeringWheel.elf elf32-littlearm)
LOAD linker stubs
LOAD /home/dev/gcc-arm-none-eabi-10.3-2021.10/bin/../lib/gcc/arm-none-eabi/10.3.1/../../../../arm-none-eabi/lib/thumb/v7e-m+fp/hard/libc.a
LOAD /home/dev/gcc-arm-none-eabi-10.3-2021.10/bin/../lib/gcc/arm-none-eabi/10.3.1/../../../../arm-none-eabi/lib/thumb/v7e-m+fp/hard/libm.a
LOAD /home/dev/gcc-arm-none-eabi-10.3-2021.10/bin/../lib/gcc/arm-none-eabi/10.3.1/thumb/v7e-m+fp/hard/libgcc.a

.debug_info     0x0000000000000000    0x1a69a
 .debug_info    0x0000000000000000     0x21e7 build/main.o
 .debug_info    0x00000000000021e7      0x9b3 build/stm32g4xx_it.o
 .debug_info    0x0000000000002b9a     0x1cfd build/stm32g4xx_hal_msp.o
 .debug_info    0x0000000000004897     0x1f6b build/stm32g4xx_hal_fdcan.o
 .debug_info    0x0000000000006802      0xce4 build/stm32g4xx_hal.o
 .debug_info    0x00000000000074e6      0xfdb build/stm32g4xx_hal_rcc.o
 .debug_info    0x00000000000084c1     0x1035 build/stm32g4xx_hal_rcc_ex.o
 .debug_info    0x00000000000094f6      0x92d build/stm32g4xx_hal_gpio.o
 .debug_info    0x0000000000009e23      0xb20 build/stm32g4xx_hal_pwr_ex.o
 .debug_info    0x000000000000a943     0x111d build/stm32g4xx_hal_cortex.o
 .debug_info    0x000000000000ba60     0x4445 build/stm32g4xx_hal_tim.o
 .debug_info    0x000000000000fea5     0x2776 build/stm32g4xx_hal_tim_ex.o
 .debug_info    0x000000000001261b     0x6667 build/stm32g4xx_hal_uart.o
 .debug_info    0x0000000000018c82     0x13ad build/stm32g4xx_hal_uart_ex.o
 .debug_info    0x000000000001a02f      0x649 build/system_stm32g4xx.o
 .debug_info    0x000000000001a678       0x22 build/startup_stm32g431xx.o

.debug_abbrev   0x0000000000000000     0x24d5
 .debug_abbrev  0x0000000000000000      0x2db build/main.o
 .debug_abbrev  0x00000000000002db      0x18b build/stm32g4xx_it.o
 .debug_abbrev  0x0000000000000466      0x229 build/stm32g4xx_hal_msp.o
 .debug_abbrev  0x000000000000068f      0x215 build/stm32g4xx_hal_fdcan.o
 .debug_abbrev  0x00000000000008a4      0x25d build/stm32g4xx_hal.o
 .debug_abbrev  0x0000000000000b01      0x2ac build/stm32g4xx_hal_rcc.o
 .debug_abbrev  0x0000000000000dad      0x262 build/stm32g4xx_hal_rcc_ex.o
 .debug_abbrev  0x000000000000100f      0x222 build/stm32g4xx_hal_gpio.o
 .debug_abbrev  0x0000000000001231      0x264 build/stm32g4xx_hal_pwr_ex.o
 .debug_abbrev  0x0000000000001495      0x379 build/stm32g4xx_hal_cortex.o
 .debug_abbrev  0x000000000000180e      0x298 build/stm32g4xx_hal_tim.o
 .debug_abbrev  0x0000000000001aa6      0x2ae build/stm32g4xx_hal_tim_ex.o
 .debug_abbrev  0x0000000000001d54      0x343 build/stm32g4xx_hal_uart.o
 .debug_abbrev  0x0000000000002097      0x311 build/stm32g4xx_hal_uart_ex.o
 .debug_abbrev  0x00000000000023a8      0x11b build/system_stm32g4xx.o
 .debug_abbrev  0x00000000000024c3       0x12 build/startup_stm32g431xx.o

.debug_loc      0x0000000000000000    0x15a4f
 .debug_loc     0x0000000000000000      0x238 build/main.o
 .debug_loc     0x0000000000000238       0x40 build/stm32g4xx_it.o
 .debug_loc     0x0000000000000278      0x28b build/stm32g4xx_hal_msp.o
 .debug_loc     0x0000000000000503     0x1897 build/stm32g4xx_hal_fdcan.o
 .debug_loc     0x0000000000001d9a      0x2af build/stm32g4xx_hal.o
 .debug_loc     0x0000000000002049      0x999 build/stm32g4xx_hal_rcc.o
 .debug_loc     0x00000000000029e2     0x12f1 build/stm32g4xx_hal_rcc_ex.o
 .debug_loc     0x0000000000003cd3      0x46f build/stm32g4xx_hal_gpio.o
 .debug_loc     0x0000000000004142      0xa26 build/stm32g4xx_hal_pwr_ex.o
 .debug_loc     0x0000000000004b68      0x796 build/stm32g4xx_hal_cortex.o
 .debug_loc     0x00000000000052fe     0x637d build/stm32g4xx_hal_tim.o
 .debug_loc     0x000000000000b67b     0x332b build/stm32g4xx_hal_tim_ex.o
 .debug_loc     0x000000000000e9a6     0x61e2 build/stm32g4xx_hal_uart.o
 .debug_loc     0x0000000000014b88      0xe2a build/stm32g4xx_hal_uart_ex.o
 .debug_loc     0x00000000000159b2       0x9d build/system_stm32g4xx.o

.debug_aranges  0x0000000000000000     0x1150
 .debug_aranges
                0x0000000000000000       0x60 build/main.o
 .debug_aranges
                0x0000000000000060       0x68 build/stm32g4xx_it.o
 .debug_aranges
                0x00000000000000c8       0x50 build/stm32g4xx_hal_msp.o
 .debug_aranges
                0x0000000000000118      0x208 build/stm32g4xx_hal_fdcan.o
 .debug_aranges
                0x0000000000000320      0x148 build/stm32g4xx_hal.o
 .debug_aranges
                0x0000000000000468       0x98 build/stm32g4xx_hal_rcc.o
 .debug_aranges
                0x0000000000000500       0xb0 build/stm32g4xx_hal_rcc_ex.o
 .debug_aranges
                0x00000000000005b0       0x58 build/stm32g4xx_hal_gpio.o
 .debug_aranges
                0x0000000000000608      0x140 build/stm32g4xx_hal_pwr_ex.o
 .debug_aranges
                0x0000000000000748       0xa8 build/stm32g4xx_hal_cortex.o
 .debug_aranges
                0x00000000000007f0      0x3e0 build/stm32g4xx_hal_tim.o
 .debug_aranges
                0x0000000000000bd0      0x240 build/stm32g4xx_hal_tim_ex.o
 .debug_aranges
                0x0000000000000e10      0x248 build/stm32g4xx_hal_uart.o
 .debug_aranges
                0x0000000000001058       0xa8 build/stm32g4xx_hal_uart_ex.o
 .debug_aranges
                0x0000000000001100       0x28 build/system_stm32g4xx.o
 .debug_aranges
                0x0000000000001128       0x28 build/startup_stm32g431xx.o

.debug_ranges   0x0000000000000000     0x1100
 .debug_ranges  0x0000000000000000       0x50 build/main.o
 .debug_ranges  0x0000000000000050       0x58 build/stm32g4xx_it.o
 .debug_ranges  0x00000000000000a8       0x40 build/stm32g4xx_hal_msp.o
 .debug_ranges  0x00000000000000e8      0x1f8 build/stm32g4xx_hal_fdcan.o
 .debug_ranges  0x00000000000002e0      0x138 build/stm32g4xx_hal.o
 .debug_ranges  0x0000000000000418       0xa0 build/stm32g4xx_hal_rcc.o
 .debug_ranges  0x00000000000004b8       0xb8 build/stm32g4xx_hal_rcc_ex.o
 .debug_ranges  0x0000000000000570       0x48 build/stm32g4xx_hal_gpio.o
 .debug_ranges  0x00000000000005b8      0x130 build/stm32g4xx_hal_pwr_ex.o
 .debug_ranges  0x00000000000006e8       0xf8 build/stm32g4xx_hal_cortex.o
 .debug_ranges  0x00000000000007e0      0x3d0 build/stm32g4xx_hal_tim.o
 .debug_ranges  0x0000000000000bb0      0x230 build/stm32g4xx_hal_tim_ex.o
 .debug_ranges  0x0000000000000de0      0x238 build/stm32g4xx_hal_uart.o
 .debug_ranges  0x0000000000001018       0xb0 build/stm32g4xx_hal_uart_ex.o
 .debug_ranges  0x00000000000010c8       0x18 build/system_stm32g4xx.o
 .debug_ranges  0x00000000000010e0       0x20 build/startup_stm32g431xx.o

.debug_line     0x0000000000000000    0x15278
 .debug_line    0x0000000000000000      0x8c2 build/main.o
 .debug_line    0x00000000000008c2      0x2bd build/stm32g4xx_it.o
 .debug_line    0x0000000000000b7f      0x457 build/stm32g4xx_hal_msp.o
 .debug_line    0x0000000000000fd6     0x19d0 build/stm32g4xx_hal_fdcan.o
 .debug_line    0x00000000000029a6      0x6b5 build/stm32g4xx_hal.o
 .debug_line    0x000000000000305b      0xdd2 build/stm32g4xx_hal_rcc.o
 .debug_line    0x0000000000003e2d     0x1040 build/stm32g4xx_hal_rcc_ex.o
 .debug_line    0x0000000000004e6d      0x66a build/stm32g4xx_hal_gpio.o
 .debug_line    0x00000000000054d7      0xa54 build/stm32g4xx_hal_pwr_ex.o
 .debug_line    0x0000000000005f2b      0x74a build/stm32g4xx_hal_cortex.o
 .debug_line    0x0000000000006675     0x5355 build/stm32g4xx_hal_tim.o
 .debug_line    0x000000000000b9ca     0x259f build/stm32g4xx_hal_tim_ex.o
 .debug_line    0x000000000000df69     0x63f5 build/stm32g4xx_hal_uart.o
 .debug_line    0x000000000001435e      0xc7a build/stm32g4xx_hal_uart_ex.o
 .debug_line    0x0000000000014fd8      0x229 build/system_stm32g4xx.o
 .debug_line    0x0000000000015201       0x77 build/startup_stm32g431xx.o

.debug_str      0x0000000000000000     0x5e1e
 .debug_str     0x0000000000000000     0x1328 build/main.o
                                       0x146e (size before relaxing)
 .debug_str     0x0000000000001328       0xd7 build/stm32g4xx_it.o
                                        0x83e (size before relaxing)
 .debug_str     0x00000000000013ff      0x708 build/stm32g4xx_hal_msp.o
                                       0x15f2 (size before relaxing)
 .debug_str     0x0000000000001b07      0xacf build/stm32g4xx_hal_fdcan.o
                                       0x11f5 (size before relaxing)
 .debug_str     0x00000000000025d6      0x486 build/stm32g4xx_hal.o
                                        0xc2a (size before relaxing)
 .debug_str     0x0000000000002a5c      0x300 build/stm32g4xx_hal_rcc.o
                                        0x7f7 (size before relaxing)
 .debug_str     0x0000000000002d5c      0x3b9 build/stm32g4xx_hal_rcc_ex.o
                                        0x9de (size before relaxing)
 .debug_str     0x0000000000003115       0xf2 build/stm32g4xx_hal_gpio.o
                                        0x508 (size before relaxing)
 .debug_str     0x0000000000003207      0x4d3 build/stm32g4xx_hal_pwr_ex.o
                                        0x7aa (size before relaxing)
 .debug_str     0x00000000000036da      0x424 build/stm32g4xx_hal_cortex.o
                                        0xb52 (size before relaxing)
 .debug_str     0x0000000000003afe      0xedc build/stm32g4xx_hal_tim.o
                                       0x1837 (size before relaxing)
 .debug_str     0x00000000000049da      0x912 build/stm32g4xx_hal_tim_ex.o
                                       0x148f (size before relaxing)
 .debug_str     0x00000000000052ec      0x892 build/stm32g4xx_hal_uart.o
                                       0x11f2 (size before relaxing)
 .debug_str     0x0000000000005b7e      0x23f build/stm32g4xx_hal_uart_ex.o
                                        0xb1b (size before relaxing)
 .debug_str     0x0000000000005dbd       0x3d build/system_stm32g4xx.o
                                        0x38f (size before relaxing)
 .debug_str     0x0000000000005dfa       0x24 build/startup_stm32g431xx.o
                                         0x2e (size before relaxing)

.comment        0x0000000000000000       0x49
 .comment       0x0000000000000000       0x49 build/main.o
                                         0x4a (size before relaxing)
 .comment       0x0000000000000049       0x4a build/stm32g4xx_it.o
 .comment       0x0000000000000049       0x4a build/stm32g4xx_hal_msp.o
 .comment       0x0000000000000049       0x4a build/stm32g4xx_hal_fdcan.o
 .comment       0x0000000000000049       0x4a build/stm32g4xx_hal.o
 .comment       0x0000000000000049       0x4a build/stm32g4xx_hal_rcc.o
 .comment       0x0000000000000049       0x4a build/stm32g4xx_hal_rcc_ex.o
 .comment       0x0000000000000049       0x4a build/stm32g4xx_hal_gpio.o
 .comment       0x0000000000000049       0x4a build/stm32g4xx_hal_pwr_ex.o
 .comment       0x0000000000000049       0x4a build/stm32g4xx_hal_cortex.o
 .comment       0x0000000000000049       0x4a build/stm32g4xx_hal_tim.o
 .comment       0x0000000000000049       0x4a build/stm32g4xx_hal_tim_ex.o
 .comment       0x0000000000000049       0x4a build/stm32g4xx_hal_uart.o
 .comment       0x0000000000000049       0x4a build/stm32g4xx_hal_uart_ex.o
 .comment       0x0000000000000049       0x4a build/system_stm32g4xx.o

.debug_frame    0x0000000000000000     0x34c0
 .debug_frame   0x0000000000000000      0x104 build/main.o
 .debug_frame   0x0000000000000104       0xc0 build/stm32g4xx_it.o
 .debug_frame   0x00000000000001c4       0xd0 build/stm32g4xx_hal_msp.o
 .debug_frame   0x0000000000000294      0x4bc build/stm32g4xx_hal_fdcan.o
 .debug_frame   0x0000000000000750      0x2a4 build/stm32g4xx_hal.o
 .debug_frame   0x00000000000009f4      0x198 build/stm32g4xx_hal_rcc.o
 .debug_frame   0x0000000000000b8c      0x1a0 build/stm32g4xx_hal_rcc_ex.o
 .debug_frame   0x0000000000000d2c       0xd0 build/stm32g4xx_hal_gpio.o
 .debug_frame   0x0000000000000dfc      0x268 build/stm32g4xx_hal_pwr_ex.o
 .debug_frame   0x0000000000001064      0x148 build/stm32g4xx_hal_cortex.o
 .debug_frame   0x00000000000011ac      0xb58 build/stm32g4xx_hal_tim.o
 .debug_frame   0x0000000000001d04      0x610 build/stm32g4xx_hal_tim_ex.o
 .debug_frame   0x0000000000002314      0x67c build/stm32g4xx_hal_uart.o
 .debug_frame   0x0000000000002990      0x1d8 build/stm32g4xx_hal_uart_ex.o
 .debug_frame   0x0000000000002b68       0x30 build/system_stm32g4xx.o
 .debug_frame   0x0000000000002b98       0x2c /home/dev/gcc-arm-none-eabi-10.3-2021.10/bin/../lib/gcc/arm-none-eabi/10.3.1/../../../../arm-none-eabi/lib/thumb/v7e-m+fp/hard/libc_nano.a(lib_a-init.o)
 .debug_frame   0x0000000000002bc4       0x20 /home/dev/gcc-arm-none-eabi-10.3-2021.10/bin/../lib/gcc/arm-none-eabi/10.3.1/../../../../arm-none-eabi/lib/thumb/v7e-m+fp/hard/libc_nano.a(lib_a-memset.o)
 .debug_frame   0x0000000000002be4       0x74 /home/dev/gcc-arm-none-eabi-10.3-2021.10/bin/../lib/gcc/arm-none-eabi/10.3.1/../../../../arm-none-eabi/lib/thumb/v7e-m+fp/hard/libc_nano.a(lib_a-printf.o)
 .debug_frame   0x0000000000002c58      0x14c /home/dev/gcc-arm-none-eabi-10.3-2021.10/bin/../lib/gcc/arm-none-eabi/10.3.1/../../../../arm-none-eabi/lib/thumb/v7e-m+fp/hard/libc_nano.a(lib_a-findfp.o)
 .debug_frame   0x0000000000002da4       0x54 /home/dev/gcc-arm-none-eabi-10.3-2021.10/bin/../lib/gcc/arm-none-eabi/10.3.1/../../../../arm-none-eabi/lib/thumb/v7e-m+fp/hard/libc_nano.a(lib_a-fwalk.o)
 .debug_frame   0x0000000000002df8       0xb0 /home/dev/gcc-arm-none-eabi-10.3-2021.10/bin/../lib/gcc/arm-none-eabi/10.3.1/../../../../arm-none-eabi/lib/thumb/v7e-m+fp/hard/libc_nano.a(lib_a-lock.o)
 .debug_frame   0x0000000000002ea8       0x4c /home/dev/gcc-arm-none-eabi-10.3-2021.10/bin/../lib/gcc/arm-none-eabi/10.3.1/../../../../arm-none-eabi/lib/thumb/v7e-m+fp/hard/libc_nano.a(lib_a-nano-mallocr.o)
 .debug_frame   0x0000000000002ef4       0xac /home/dev/gcc-arm-none-eabi-10.3-2021.10/bin/../lib/gcc/arm-none-eabi/10.3.1/../../../../arm-none-eabi/lib/thumb/v7e-m+fp/hard/libc_nano.a(lib_a-nano-vfprintf.o)
 .debug_frame   0x0000000000002fa0       0x60 /home/dev/gcc-arm-none-eabi-10.3-2021.10/bin/../lib/gcc/arm-none-eabi/10.3.1/../../../../arm-none-eabi/lib/thumb/v7e-m+fp/hard/libc_nano.a(lib_a-nano-vfprintf_i.o)
 .debug_frame   0x0000000000003000       0x2c /home/dev/gcc-arm-none-eabi-10.3-2021.10/bin/../lib/gcc/arm-none-eabi/10.3.1/../../../../arm-none-eabi/lib/thumb/v7e-m+fp/hard/libc_nano.a(lib_a-sbrkr.o)
 .debug_frame   0x000000000000302c       0x88 /home/dev/gcc-arm-none-eabi-10.3-2021.10/bin/../lib/gcc/arm-none-eabi/10.3.1/../../../../arm-none-eabi/lib/thumb/v7e-m+fp/hard/libc_nano.a(lib_a-stdio.o)
 .debug_frame   0x00000000000030b4       0x40 /home/dev/gcc-arm-none-eabi-10.3-2021.10/bin/../lib/gcc/arm-none-eabi/10.3.1/../../../../arm-none-eabi/lib/thumb/v7e-m+fp/hard/libc_nano.a(lib_a-wbuf.o)
 .debug_frame   0x00000000000030f4       0x2c /home/dev/gcc-arm-none-eabi-10.3-2021.10/bin/../lib/gcc/arm-none-eabi/10.3.1/../../../../arm-none-eabi/lib/thumb/v7e-m+fp/hard/libc_nano.a(lib_a-writer.o)
 .debug_frame   0x0000000000003120       0x2c /home/dev/gcc-arm-none-eabi-10.3-2021.10/bin/../lib/gcc/arm-none-eabi/10.3.1/../../../../arm-none-eabi/lib/thumb/v7e-m+fp/hard/libc_nano.a(lib_a-wsetup.o)
 .debug_frame   0x000000000000314c       0x2c /home/dev/gcc-arm-none-eabi-10.3-2021.10/bin/../lib/gcc/arm-none-eabi/10.3.1/../../../../arm-none-eabi/lib/thumb/v7e-m+fp/hard/libc_nano.a(lib_a-closer.o)
 .debug_frame   0x0000000000003178       0x5c /home/dev/gcc-arm-none-eabi-10.3-2021.10/bin/../lib/gcc/arm-none-eabi/10.3.1/../../../../arm-none-eabi/lib/thumb/v7e-m+fp/hard/libc_nano.a(lib_a-fflush.o)
 .debug_frame   0x00000000000031d4       0x2c /home/dev/gcc-arm-none-eabi-10.3-2021.10/bin/../lib/gcc/arm-none-eabi/10.3.1/../../../../arm-none-eabi/lib/thumb/v7e-m+fp/hard/libc_nano.a(lib_a-lseekr.o)
 .debug_frame   0x0000000000003200       0x58 /home/dev/gcc-arm-none-eabi-10.3-2021.10/bin/../lib/gcc/arm-none-eabi/10.3.1/../../../../arm-none-eabi/lib/thumb/v7e-m+fp/hard/libc_nano.a(lib_a-makebuf.o)
 .debug_frame   0x0000000000003258       0x30 /home/dev/gcc-arm-none-eabi-10.3-2021.10/bin/../lib/gcc/arm-none-eabi/10.3.1/../../../../arm-none-eabi/lib/thumb/v7e-m+fp/hard/libc_nano.a(lib_a-mlock.o)
 .debug_frame   0x0000000000003288       0x38 /home/dev/gcc-arm-none-eabi-10.3-2021.10/bin/../lib/gcc/arm-none-eabi/10.3.1/../../../../arm-none-eabi/lib/thumb/v7e-m+fp/hard/libc_nano.a(lib_a-nano-freer.o)
 .debug_frame   0x00000000000032c0       0x2c /home/dev/gcc-arm-none-eabi-10.3-2021.10/bin/../lib/gcc/arm-none-eabi/10.3.1/../../../../arm-none-eabi/lib/thumb/v7e-m+fp/hard/libc_nano.a(lib_a-readr.o)
 .debug_frame   0x00000000000032ec       0x5c /home/dev/gcc-arm-none-eabi-10.3-2021.10/bin/../lib/gcc/arm-none-eabi/10.3.1/../../../../arm-none-eabi/lib/thumb/v7e-m+fp/hard/libc_nano.a(lib_a-reent.o)
 .debug_frame   0x0000000000003348       0x2c /home/dev/gcc-arm-none-eabi-10.3-2021.10/bin/../lib/gcc/arm-none-eabi/10.3.1/../../../../arm-none-eabi/lib/thumb/v7e-m+fp/hard/libc_nano.a(lib_a-fstatr.o)
 .debug_frame   0x0000000000003374       0x2c /home/dev/gcc-arm-none-eabi-10.3-2021.10/bin/../lib/gcc/arm-none-eabi/10.3.1/../../../../arm-none-eabi/lib/thumb/v7e-m+fp/hard/libc_nano.a(lib_a-isattyr.o)
 .debug_frame   0x00000000000033a0       0x20 /home/dev/gcc-arm-none-eabi-10.3-2021.10/bin/../lib/gcc/arm-none-eabi/10.3.1/../../../../arm-none-eabi/lib/thumb/v7e-m+fp/hard/libnosys.a(close.o)
 .debug_frame   0x00000000000033c0       0x20 /home/dev/gcc-arm-none-eabi-10.3-2021.10/bin/../lib/gcc/arm-none-eabi/10.3.1/../../../../arm-none-eabi/lib/thumb/v7e-m+fp/hard/libnosys.a(fstat.o)
 .debug_frame   0x00000000000033e0       0x20 /home/dev/gcc-arm-none-eabi-10.3-2021.10/bin/../lib/gcc/arm-none-eabi/10.3.1/../../../../arm-none-eabi/lib/thumb/v7e-m+fp/hard/libnosys.a(isatty.o)
 .debug_frame   0x0000000000003400       0x20 /home/dev/gcc-arm-none-eabi-10.3-2021.10/bin/../lib/gcc/arm-none-eabi/10.3.1/../../../../arm-none-eabi/lib/thumb/v7e-m+fp/hard/libnosys.a(lseek.o)
 .debug_frame   0x0000000000003420       0x20 /home/dev/gcc-arm-none-eabi-10.3-2021.10/bin/../lib/gcc/arm-none-eabi/10.3.1/../../../../arm-none-eabi/lib/thumb/v7e-m+fp/hard/libnosys.a(read.o)
 .debug_frame   0x0000000000003440       0x20 /home/dev/gcc-arm-none-eabi-10.3-2021.10/bin/../lib/gcc/arm-none-eabi/10.3.1/../../../../arm-none-eabi/lib/thumb/v7e-m+fp/hard/libnosys.a(sbrk.o)
 .debug_frame   0x0000000000003460       0x2c /home/dev/gcc-arm-none-eabi-10.3-2021.10/bin/../lib/gcc/arm-none-eabi/10.3.1/thumb/v7e-m+fp/hard/libgcc.a(_aeabi_uldivmod.o)
 .debug_frame   0x000000000000348c       0x34 /home/dev/gcc-arm-none-eabi-10.3-2021.10/bin/../lib/gcc/arm-none-eabi/10.3.1/thumb/v7e-m+fp/hard/libgcc.a(_udivmoddi4.o)

.stab           0x0000000000000000       0x84
 .stab          0x0000000000000000       0x24 /home/dev/gcc-arm-none-eabi-10.3-2021.10/bin/../lib/gcc/arm-none-eabi/10.3.1/../../../../arm-none-eabi/lib/thumb/v7e-m+fp/hard/libnosys.a(close.o)
 .stab          0x0000000000000024       0x18 /home/dev/gcc-arm-none-eabi-10.3-2021.10/bin/../lib/gcc/arm-none-eabi/10.3.1/../../../../arm-none-eabi/lib/thumb/v7e-m+fp/hard/libnosys.a(fstat.o)
                                         0x24 (size before relaxing)
 .stab          0x000000000000003c       0x18 /home/dev/gcc-arm-none-eabi-10.3-2021.10/bin/../lib/gcc/arm-none-eabi/10.3.1/../../../../arm-none-eabi/lib/thumb/v7e-m+fp/hard/libnosys.a(isatty.o)
                                         0x24 (size before relaxing)
 .stab          0x0000000000000054       0x18 /home/dev/gcc-arm-none-eabi-10.3-2021.10/bin/../lib/gcc/arm-none-eabi/10.3.1/../../../../arm-none-eabi/lib/thumb/v7e-m+fp/hard/libnosys.a(lseek.o)
                                         0x24 (size before relaxing)
 .stab          0x000000000000006c       0x18 /home/dev/gcc-arm-none-eabi-10.3-2021.10/bin/../lib/gcc/arm-none-eabi/10.3.1/../../../../arm-none-eabi/lib/thumb/v7e-m+fp/hard/libnosys.a(read.o)
                                         0x24 (size before relaxing)

.stabstr        0x0000000000000000      0x117
 .stabstr       0x0000000000000000      0x117 /home/dev/gcc-arm-none-eabi-10.3-2021.10/bin/../lib/gcc/arm-none-eabi/10.3.1/../../../../arm-none-eabi/lib/thumb/v7e-m+fp/hard/libnosys.a(close.o)

Cross Reference Table

Symbol                                            File
ADC1_2_IRQHandler                                 build/startup_stm32g431xx.o
AHBPrescTable                                     build/system_stm32g4xx.o
                                                  build/stm32g4xx_hal_rcc.o
APBPrescTable                                     build/system_stm32g4xx.o
                                                  build/stm32g4xx_hal_rcc.o
BusFault_Handler                                  build/stm32g4xx_it.o
COMP1_2_3_IRQHandler                              build/startup_stm32g431xx.o
COMP4_IRQHandler                                  build/startup_stm32g431xx.o
CORDIC_IRQHandler                                 build/startup_stm32g431xx.o
CRS_IRQHandler                                    build/startup_stm32g431xx.o
DMA1_Channel1_IRQHandler                          build/startup_stm32g431xx.o
DMA1_Channel2_IRQHandler                          build/startup_stm32g431xx.o
DMA1_Channel3_IRQHandler                          build/startup_stm32g431xx.o
DMA1_Channel4_IRQHandler                          build/startup_stm32g431xx.o
DMA1_Channel5_IRQHandler                          build/startup_stm32g431xx.o
DMA1_Channel6_IRQHandler                          build/startup_stm32g431xx.o
DMA2_Channel1_IRQHandler                          build/startup_stm32g431xx.o
DMA2_Channel2_IRQHandler                          build/startup_stm32g431xx.o
DMA2_Channel3_IRQHandler                          build/startup_stm32g431xx.o
DMA2_Channel4_IRQHandler                          build/startup_stm32g431xx.o
DMA2_Channel5_IRQHandler                          build/startup_stm32g431xx.o
DMA2_Channel6_IRQHandler                          build/startup_stm32g431xx.o
DMAMUX_OVR_IRQHandler                             build/startup_stm32g431xx.o
DebugMon_Handler                                  build/stm32g4xx_it.o
Default_Handler                                   build/startup_stm32g431xx.o
EXTI0_IRQHandler                                  build/startup_stm32g431xx.o
EXTI15_10_IRQHandler                              build/startup_stm32g431xx.o
EXTI1_IRQHandler                                  build/startup_stm32g431xx.o
EXTI2_IRQHandler                                  build/startup_stm32g431xx.o
EXTI3_IRQHandler                                  build/startup_stm32g431xx.o
EXTI4_IRQHandler                                  build/startup_stm32g431xx.o
EXTI9_5_IRQHandler                                build/startup_stm32g431xx.o
Error_Handler                                     build/main.o
                                                  build/stm32g4xx_hal_msp.o
FDCAN1_IT0_IRQHandler                             build/startup_stm32g431xx.o
FDCAN1_IT1_IRQHandler                             build/startup_stm32g431xx.o
FLASH_FlushCaches                                 build/stm32g4xx_hal_flash_ex.o
                                                  build/stm32g4xx_hal_flash.o
FLASH_IRQHandler                                  build/startup_stm32g431xx.o
FLASH_PageErase                                   build/stm32g4xx_hal_flash_ex.o
                                                  build/stm32g4xx_hal_flash.o
FLASH_WaitForLastOperation                        build/stm32g4xx_hal_flash.o
                                                  build/stm32g4xx_hal_flash_ex.o
FMAC_IRQHandler                                   build/startup_stm32g431xx.o
FPU_IRQHandler                                    build/startup_stm32g431xx.o
HAL_DBGMCU_DisableDBGSleepMode                    build/stm32g4xx_hal.o
HAL_DBGMCU_DisableDBGStandbyMode                  build/stm32g4xx_hal.o
HAL_DBGMCU_DisableDBGStopMode                     build/stm32g4xx_hal.o
HAL_DBGMCU_EnableDBGSleepMode                     build/stm32g4xx_hal.o
HAL_DBGMCU_EnableDBGStandbyMode                   build/stm32g4xx_hal.o
HAL_DBGMCU_EnableDBGStopMode                      build/stm32g4xx_hal.o
HAL_DMAEx_ConfigMuxRequestGenerator               build/stm32g4xx_hal_dma_ex.o
HAL_DMAEx_ConfigMuxSync                           build/stm32g4xx_hal_dma_ex.o
HAL_DMAEx_DisableMuxRequestGenerator              build/stm32g4xx_hal_dma_ex.o
HAL_DMAEx_EnableMuxRequestGenerator               build/stm32g4xx_hal_dma_ex.o
HAL_DMAEx_MUX_IRQHandler                          build/stm32g4xx_hal_dma_ex.o
HAL_DMA_Abort                                     build/stm32g4xx_hal_dma.o
                                                  build/stm32g4xx_hal_uart.o
HAL_DMA_Abort_IT                                  build/stm32g4xx_hal_dma.o
                                                  build/stm32g4xx_hal_uart.o
                                                  build/stm32g4xx_hal_tim_ex.o
                                                  build/stm32g4xx_hal_tim.o
HAL_DMA_DeInit                                    build/stm32g4xx_hal_dma.o
HAL_DMA_GetError                                  build/stm32g4xx_hal_dma.o
                                                  build/stm32g4xx_hal_uart.o
HAL_DMA_GetState                                  build/stm32g4xx_hal_dma.o
HAL_DMA_IRQHandler                                build/stm32g4xx_hal_dma.o
HAL_DMA_Init                                      build/stm32g4xx_hal_dma.o
HAL_DMA_PollForTransfer                           build/stm32g4xx_hal_dma.o
HAL_DMA_RegisterCallback                          build/stm32g4xx_hal_dma.o
HAL_DMA_Start                                     build/stm32g4xx_hal_dma.o
HAL_DMA_Start_IT                                  build/stm32g4xx_hal_dma.o
                                                  build/stm32g4xx_hal_uart.o
                                                  build/stm32g4xx_hal_tim_ex.o
                                                  build/stm32g4xx_hal_tim.o
HAL_DMA_UnRegisterCallback                        build/stm32g4xx_hal_dma.o
HAL_DeInit                                        build/stm32g4xx_hal.o
HAL_Delay                                         build/stm32g4xx_hal.o
HAL_EXTI_ClearConfigLine                          build/stm32g4xx_hal_exti.o
HAL_EXTI_ClearPending                             build/stm32g4xx_hal_exti.o
HAL_EXTI_GenerateSWI                              build/stm32g4xx_hal_exti.o
HAL_EXTI_GetConfigLine                            build/stm32g4xx_hal_exti.o
HAL_EXTI_GetHandle                                build/stm32g4xx_hal_exti.o
HAL_EXTI_GetPending                               build/stm32g4xx_hal_exti.o
HAL_EXTI_IRQHandler                               build/stm32g4xx_hal_exti.o
HAL_EXTI_RegisterCallback                         build/stm32g4xx_hal_exti.o
HAL_EXTI_SetConfigLine                            build/stm32g4xx_hal_exti.o
HAL_FDCAN_AbortTxRequest                          build/stm32g4xx_hal_fdcan.o
HAL_FDCAN_ActivateNotification                    build/stm32g4xx_hal_fdcan.o
HAL_FDCAN_AddMessageToTxFifoQ                     build/stm32g4xx_hal_fdcan.o
                                                  build/main.o
HAL_FDCAN_ConfigExtendedIdMask                    build/stm32g4xx_hal_fdcan.o
HAL_FDCAN_ConfigFilter                            build/stm32g4xx_hal_fdcan.o
HAL_FDCAN_ConfigGlobalFilter                      build/stm32g4xx_hal_fdcan.o
HAL_FDCAN_ConfigInterruptLines                    build/stm32g4xx_hal_fdcan.o
HAL_FDCAN_ConfigRamWatchdog                       build/stm32g4xx_hal_fdcan.o
HAL_FDCAN_ConfigRxFifoOverwrite                   build/stm32g4xx_hal_fdcan.o
HAL_FDCAN_ConfigTimeoutCounter                    build/stm32g4xx_hal_fdcan.o
HAL_FDCAN_ConfigTimestampCounter                  build/stm32g4xx_hal_fdcan.o
HAL_FDCAN_ConfigTxDelayCompensation               build/stm32g4xx_hal_fdcan.o
HAL_FDCAN_DeInit                                  build/stm32g4xx_hal_fdcan.o
HAL_FDCAN_DeactivateNotification                  build/stm32g4xx_hal_fdcan.o
HAL_FDCAN_DisableEdgeFiltering                    build/stm32g4xx_hal_fdcan.o
HAL_FDCAN_DisableISOMode                          build/stm32g4xx_hal_fdcan.o
HAL_FDCAN_DisableTimeoutCounter                   build/stm32g4xx_hal_fdcan.o
HAL_FDCAN_DisableTimestampCounter                 build/stm32g4xx_hal_fdcan.o
HAL_FDCAN_DisableTxDelayCompensation              build/stm32g4xx_hal_fdcan.o
HAL_FDCAN_EnableEdgeFiltering                     build/stm32g4xx_hal_fdcan.o
HAL_FDCAN_EnableISOMode                           build/stm32g4xx_hal_fdcan.o
HAL_FDCAN_EnableTimeoutCounter                    build/stm32g4xx_hal_fdcan.o
HAL_FDCAN_EnableTimestampCounter                  build/stm32g4xx_hal_fdcan.o
HAL_FDCAN_EnableTxDelayCompensation               build/stm32g4xx_hal_fdcan.o
HAL_FDCAN_EnterPowerDownMode                      build/stm32g4xx_hal_fdcan.o
HAL_FDCAN_ErrorCallback                           build/stm32g4xx_hal_fdcan.o
HAL_FDCAN_ErrorStatusCallback                     build/stm32g4xx_hal_fdcan.o
HAL_FDCAN_ExitPowerDownMode                       build/stm32g4xx_hal_fdcan.o
HAL_FDCAN_ExitRestrictedOperationMode             build/stm32g4xx_hal_fdcan.o
HAL_FDCAN_GetError                                build/stm32g4xx_hal_fdcan.o
HAL_FDCAN_GetErrorCounters                        build/stm32g4xx_hal_fdcan.o
HAL_FDCAN_GetHighPriorityMessageStatus            build/stm32g4xx_hal_fdcan.o
HAL_FDCAN_GetLatestTxFifoQRequestBuffer           build/stm32g4xx_hal_fdcan.o
HAL_FDCAN_GetProtocolStatus                       build/stm32g4xx_hal_fdcan.o
                                                  build/main.o
HAL_FDCAN_GetRxFifoFillLevel                      build/stm32g4xx_hal_fdcan.o
HAL_FDCAN_GetRxMessage                            build/stm32g4xx_hal_fdcan.o
HAL_FDCAN_GetState                                build/stm32g4xx_hal_fdcan.o
HAL_FDCAN_GetTimeoutCounter                       build/stm32g4xx_hal_fdcan.o
HAL_FDCAN_GetTimestampCounter                     build/stm32g4xx_hal_fdcan.o
HAL_FDCAN_GetTxEvent                              build/stm32g4xx_hal_fdcan.o
HAL_FDCAN_GetTxFifoFreeLevel                      build/stm32g4xx_hal_fdcan.o
HAL_FDCAN_HighPriorityMessageCallback             build/stm32g4xx_hal_fdcan.o
HAL_FDCAN_IRQHandler                              build/stm32g4xx_hal_fdcan.o
HAL_FDCAN_Init                                    build/stm32g4xx_hal_fdcan.o
                                                  build/main.o
HAL_FDCAN_IsRestrictedOperationMode               build/stm32g4xx_hal_fdcan.o
HAL_FDCAN_IsTxBufferMessagePending                build/stm32g4xx_hal_fdcan.o
HAL_FDCAN_MspDeInit                               build/stm32g4xx_hal_msp.o
HAL_FDCAN_MspInit                                 build/stm32g4xx_hal_msp.o
HAL_FDCAN_ResetTimeoutCounter                     build/stm32g4xx_hal_fdcan.o
HAL_FDCAN_ResetTimestampCounter                   build/stm32g4xx_hal_fdcan.o
HAL_FDCAN_RxFifo0Callback                         build/stm32g4xx_hal_fdcan.o
HAL_FDCAN_RxFifo1Callback                         build/stm32g4xx_hal_fdcan.o
HAL_FDCAN_Start                                   build/stm32g4xx_hal_fdcan.o
                                                  build/main.o
HAL_FDCAN_Stop                                    build/stm32g4xx_hal_fdcan.o
HAL_FDCAN_TimeoutOccurredCallback                 build/stm32g4xx_hal_fdcan.o
HAL_FDCAN_TimestampWraparoundCallback             build/stm32g4xx_hal_fdcan.o
HAL_FDCAN_TxBufferAbortCallback                   build/stm32g4xx_hal_fdcan.o
HAL_FDCAN_TxBufferCompleteCallback                build/stm32g4xx_hal_fdcan.o
HAL_FDCAN_TxEventFifoCallback                     build/stm32g4xx_hal_fdcan.o
HAL_FDCAN_TxFifoEmptyCallback                     build/stm32g4xx_hal_fdcan.o
HAL_FLASHEx_DisableDebugger                       build/stm32g4xx_hal_flash_ex.o
HAL_FLASHEx_DisableRunPowerDown                   build/stm32g4xx_hal_flash_ramfunc.o
HAL_FLASHEx_EnableDebugger                        build/stm32g4xx_hal_flash_ex.o
HAL_FLASHEx_EnableRunPowerDown                    build/stm32g4xx_hal_flash_ramfunc.o
HAL_FLASHEx_EnableSecMemProtection                build/stm32g4xx_hal_flash_ex.o
HAL_FLASHEx_Erase                                 build/stm32g4xx_hal_flash_ex.o
HAL_FLASHEx_Erase_IT                              build/stm32g4xx_hal_flash_ex.o
HAL_FLASHEx_OBGetConfig                           build/stm32g4xx_hal_flash_ex.o
HAL_FLASHEx_OBProgram                             build/stm32g4xx_hal_flash_ex.o
HAL_FLASH_EndOfOperationCallback                  build/stm32g4xx_hal_flash.o
HAL_FLASH_GetError                                build/stm32g4xx_hal_flash.o
HAL_FLASH_IRQHandler                              build/stm32g4xx_hal_flash.o
HAL_FLASH_Lock                                    build/stm32g4xx_hal_flash.o
HAL_FLASH_OB_Launch                               build/stm32g4xx_hal_flash.o
HAL_FLASH_OB_Lock                                 build/stm32g4xx_hal_flash.o
HAL_FLASH_OB_Unlock                               build/stm32g4xx_hal_flash.o
HAL_FLASH_OperationErrorCallback                  build/stm32g4xx_hal_flash.o
HAL_FLASH_Program                                 build/stm32g4xx_hal_flash.o
HAL_FLASH_Program_IT                              build/stm32g4xx_hal_flash.o
HAL_FLASH_Unlock                                  build/stm32g4xx_hal_flash.o
HAL_GPIO_DeInit                                   build/stm32g4xx_hal_gpio.o
                                                  build/stm32g4xx_hal_msp.o
HAL_GPIO_EXTI_Callback                            build/stm32g4xx_hal_gpio.o
HAL_GPIO_EXTI_IRQHandler                          build/stm32g4xx_hal_gpio.o
HAL_GPIO_Init                                     build/stm32g4xx_hal_gpio.o
                                                  build/stm32g4xx_hal_rcc_ex.o
                                                  build/stm32g4xx_hal_rcc.o
                                                  build/stm32g4xx_hal_msp.o
                                                  build/main.o
HAL_GPIO_LockPin                                  build/stm32g4xx_hal_gpio.o
HAL_GPIO_ReadPin                                  build/stm32g4xx_hal_gpio.o
                                                  build/main.o
HAL_GPIO_TogglePin                                build/stm32g4xx_hal_gpio.o
HAL_GPIO_WritePin                                 build/stm32g4xx_hal_gpio.o
HAL_GetDEVID                                      build/stm32g4xx_hal.o
HAL_GetHalVersion                                 build/stm32g4xx_hal.o
HAL_GetREVID                                      build/stm32g4xx_hal.o
HAL_GetTick                                       build/stm32g4xx_hal.o
                                                  build/stm32g4xx_hal_uart_ex.o
                                                  build/stm32g4xx_hal_uart.o
                                                  build/stm32g4xx_hal_tim_ex.o
                                                  build/stm32g4xx_hal_dma.o
                                                  build/stm32g4xx_hal_flash.o
                                                  build/stm32g4xx_hal_rcc_ex.o
                                                  build/stm32g4xx_hal_rcc.o
                                                  build/stm32g4xx_hal_fdcan.o
HAL_GetTickFreq                                   build/stm32g4xx_hal.o
HAL_GetTickPrio                                   build/stm32g4xx_hal.o
HAL_GetUIDw0                                      build/stm32g4xx_hal.o
HAL_GetUIDw1                                      build/stm32g4xx_hal.o
HAL_GetUIDw2                                      build/stm32g4xx_hal.o
HAL_HalfDuplex_EnableReceiver                     build/stm32g4xx_hal_uart.o